Archive member included to satisfy reference by file (symbol)

D:\Facultad\Digitales II\Repositorio MCU\lpc_chip_175x_6x\Debug\liblpc_chip_175x_6x.a(chip_17xx_40xx.o)
                              ./freeRTOS/src/port.o (SystemCoreClock)
D:\Facultad\Digitales II\Repositorio MCU\lpc_chip_175x_6x\Debug\liblpc_chip_175x_6x.a(clock_17xx_40xx.o)
                              D:\Facultad\Digitales II\Repositorio MCU\lpc_chip_175x_6x\Debug\liblpc_chip_175x_6x.a(chip_17xx_40xx.o) (Chip_Clock_EnablePLL)
D:\Facultad\Digitales II\Repositorio MCU\lpc_chip_175x_6x\Debug\liblpc_chip_175x_6x.a(i2c_17xx_40xx.o)
                              ./Example/src/FRTOS.o (Chip_I2C_EventHandlerPolling)
D:\Facultad\Digitales II\Repositorio MCU\lpc_chip_175x_6x\Debug\liblpc_chip_175x_6x.a(iocon_17xx_40xx.o)
                              ./Example/src/FRTOS.o (Chip_IOCON_PinMux)
D:\Facultad\Digitales II\Repositorio MCU\lpc_chip_175x_6x\Debug\liblpc_chip_175x_6x.a(sysinit_17xx_40xx.o)
                              ./Example/src/sysinit.o (Chip_SystemInit)
c:/nxp/mcuxpressoide_10.1.1_606/ide/tools/bin/../lib/gcc/arm-none-eabi/6.3.1/../../../../arm-none-eabi/lib/thumb/v7-m\libcr_semihost.a(_cr__main.o)
                              ./Example/src/cr_startup_lpc175x_6x.o (__main)
c:/nxp/mcuxpressoide_10.1.1_606/ide/tools/bin/../lib/gcc/arm-none-eabi/6.3.1/../../../../arm-none-eabi/lib/thumb/v7-m\libcr_c.a(memcpy.o)
                              ./freeRTOS/src/queue.o (memcpy)
c:/nxp/mcuxpressoide_10.1.1_606/ide/tools/bin/../lib/gcc/arm-none-eabi/6.3.1/../../../../arm-none-eabi/lib/thumb/v7-m\libcr_c.a(memset.o)
                              ./freeRTOS/src/tasks.o (memset)
c:/nxp/mcuxpressoide_10.1.1_606/ide/tools/bin/../lib/gcc/arm-none-eabi/6.3.1/../../../../arm-none-eabi/lib/thumb/v7-m\libcr_c.a(alloc.o)
                              ./freeRTOS/src/heap_3.o (malloc)
c:/nxp/mcuxpressoide_10.1.1_606/ide/tools/bin/../lib/gcc/arm-none-eabi/6.3.1/../../../../arm-none-eabi/lib/thumb/v7-m\libcr_c.a(fpprintf.o)
                              ./Example/src/FRTOS.o (printf)
c:/nxp/mcuxpressoide_10.1.1_606/ide/tools/bin/../lib/gcc/arm-none-eabi/6.3.1/../../../../arm-none-eabi/lib/thumb/v7-m\libcr_c.a(initio.o)
                              c:/nxp/mcuxpressoide_10.1.1_606/ide/tools/bin/../lib/gcc/arm-none-eabi/6.3.1/../../../../arm-none-eabi/lib/thumb/v7-m\libcr_semihost.a(_cr__main.o) (_initio)
c:/nxp/mcuxpressoide_10.1.1_606/ide/tools/bin/../lib/gcc/arm-none-eabi/6.3.1/../../../../arm-none-eabi/lib/thumb/v7-m\libcr_c.a(printf.o)
                              c:/nxp/mcuxpressoide_10.1.1_606/ide/tools/bin/../lib/gcc/arm-none-eabi/6.3.1/../../../../arm-none-eabi/lib/thumb/v7-m\libcr_c.a(fpprintf.o) (__vfprintf)
c:/nxp/mcuxpressoide_10.1.1_606/ide/tools/bin/../lib/gcc/arm-none-eabi/6.3.1/../../../../arm-none-eabi/lib/thumb/v7-m\libcr_c.a(setvbuf.o)
                              c:/nxp/mcuxpressoide_10.1.1_606/ide/tools/bin/../lib/gcc/arm-none-eabi/6.3.1/../../../../arm-none-eabi/lib/thumb/v7-m\libcr_c.a(initio.o) (setvbuf)
c:/nxp/mcuxpressoide_10.1.1_606/ide/tools/bin/../lib/gcc/arm-none-eabi/6.3.1/../../../../arm-none-eabi/lib/thumb/v7-m\libcr_c.a(strlen.o)
                              c:/nxp/mcuxpressoide_10.1.1_606/ide/tools/bin/../lib/gcc/arm-none-eabi/6.3.1/../../../../arm-none-eabi/lib/thumb/v7-m\libcr_c.a(printf.o) (strlen)
c:/nxp/mcuxpressoide_10.1.1_606/ide/tools/bin/../lib/gcc/arm-none-eabi/6.3.1/../../../../arm-none-eabi/lib/thumb/v7-m\libcr_c.a(__init_alloc.o)
                              c:/nxp/mcuxpressoide_10.1.1_606/ide/tools/bin/../lib/gcc/arm-none-eabi/6.3.1/../../../../arm-none-eabi/lib/thumb/v7-m\libcr_c.a(alloc.o) (__heaps)
c:/nxp/mcuxpressoide_10.1.1_606/ide/tools/bin/../lib/gcc/arm-none-eabi/6.3.1/../../../../arm-none-eabi/lib/thumb/v7-m\libcr_c.a(_cr_sbrk.o)
                              c:/nxp/mcuxpressoide_10.1.1_606/ide/tools/bin/../lib/gcc/arm-none-eabi/6.3.1/../../../../arm-none-eabi/lib/thumb/v7-m\libcr_c.a(alloc.o) (_sbrk)
c:/nxp/mcuxpressoide_10.1.1_606/ide/tools/bin/../lib/gcc/arm-none-eabi/6.3.1/../../../../arm-none-eabi/lib/thumb/v7-m\libcr_c.a(_deferredlazyseek.o)
                              c:/nxp/mcuxpressoide_10.1.1_606/ide/tools/bin/../lib/gcc/arm-none-eabi/6.3.1/../../../../arm-none-eabi/lib/thumb/v7-m\libcr_c.a(fpprintf.o) (__flsbuf)
c:/nxp/mcuxpressoide_10.1.1_606/ide/tools/bin/../lib/gcc/arm-none-eabi/6.3.1/../../../../arm-none-eabi/lib/thumb/v7-m\libcr_c.a(_fdopen.o)
                              c:/nxp/mcuxpressoide_10.1.1_606/ide/tools/bin/../lib/gcc/arm-none-eabi/6.3.1/../../../../arm-none-eabi/lib/thumb/v7-m\libcr_c.a(initio.o) (_fdopen)
c:/nxp/mcuxpressoide_10.1.1_606/ide/tools/bin/../lib/gcc/arm-none-eabi/6.3.1/../../../../arm-none-eabi/lib/thumb/v7-m\libcr_c.a(_fflush.o)
                              c:/nxp/mcuxpressoide_10.1.1_606/ide/tools/bin/../lib/gcc/arm-none-eabi/6.3.1/../../../../arm-none-eabi/lib/thumb/v7-m\libcr_c.a(_deferredlazyseek.o) (_fflush)
[...]
Memory Configuration

Name             Origin             Length             Attributes
MFlash512        0x00000000         0x00080000         xr
RamLoc32         0x10000000         0x00008000         xrw
RamAHB32         0x2007c000         0x00008000         xrw
*default*        0x00000000         0xffffffff

Linker script and memory map

LOAD ./freeRTOS/src/FreeRTOSCommonHooks.o
LOAD ./freeRTOS/src/croutine.o
LOAD ./freeRTOS/src/event_groups.o
LOAD ./freeRTOS/src/heap_3.o
LOAD ./freeRTOS/src/list.o
LOAD ./freeRTOS/src/port.o
LOAD ./freeRTOS/src/queue.o
LOAD ./freeRTOS/src/tasks.o
LOAD ./freeRTOS/src/timers.o
LOAD ./Example/src/FRTOS.o
LOAD ./Example/src/cr_startup_lpc175x_6x.o
LOAD ./Example/src/crp.o
LOAD ./Example/src/sysinit.o
LOAD ./Acelerometro/src/Acelerometro.o
LOAD D:\Facultad\Digitales II\Repositorio MCU\lpc_chip_175x_6x\Debug\liblpc_chip_175x_6x.a
START GROUP
LOAD c:/nxp/mcuxpressoide_10.1.1_606/ide/tools/bin/../lib/gcc/arm-none-eabi/6.3.1/../../../../arm-none-eabi/lib/thumb/v7-m\libcr_semihost.a
LOAD c:/nxp/mcuxpressoide_10.1.1_606/ide/tools/bin/../lib/gcc/arm-none-eabi/6.3.1/../../../../arm-none-eabi/lib/thumb/v7-m\libcr_c.a
LOAD c:/nxp/mcuxpressoide_10.1.1_606/ide/tools/bin/../lib/gcc/arm-none-eabi/6.3.1/thumb/v7-m\libcr_eabihelpers.a
END GROUP
                0x00000000                __base_MFlash512 = 0x0
                0x00000000                __base_Flash = 0x0
                0x00080000                __top_MFlash512 = 0x80000
                0x00080000                __top_Flash = 0x80000
                0x10000000                __base_RamLoc32 = 0x10000000
                0x10000000                __base_RAM = 0x10000000
                0x10008000                __top_RamLoc32 = 0x10008000
                0x10008000                __top_RAM = 0x10008000
                0x2007c000                __base_RamAHB32 = 0x2007c000
                0x2007c000                __base_RAM2 = 0x2007c000
                0x20084000                __top_RamAHB32 = 0x20084000
                0x20084000                __top_RAM2 = 0x20084000

.text           0x00000000     0x5694
 FILL mask 0xff
                0x00000000                __vectors_start__ = ABSOLUTE (.)
 *(.isr_vector)
 .isr_vector    0x00000000       0xcc ./Example/src/cr_startup_lpc175x_6x.o
                0x00000000                g_pfnVectors
                0x000000cc                . = ALIGN (0x4)
                0x000000cc                __section_table_start = .
                0x000000cc                __data_section_table = .
                0x000000cc        0x4 LONG 0x5694 LOADADDR (.data)
                0x000000d0        0x4 LONG 0x10000000 ADDR (.data)
                0x000000d4        0x4 LONG 0x64 SIZEOF (.data)
                0x000000d8        0x4 LONG 0x5694 LOADADDR (.data_RAM2)
                0x000000dc        0x4 LONG 0x2007c000 ADDR (.data_RAM2)
                0x000000e0        0x4 LONG 0x0 SIZEOF (.data_RAM2)
                0x000000e4                __data_section_table_end = .
                0x000000e4                __bss_section_table = .
                0x000000e4        0x4 LONG 0x10000064 ADDR (.bss)
                0x000000e8        0x4 LONG 0x340 SIZEOF (.bss)
                0x000000ec        0x4 LONG 0x2007c000 ADDR (.bss_RAM2)
                0x000000f0        0x4 LONG 0x0 SIZEOF (.bss_RAM2)
                0x000000f4                __bss_section_table_end = .
                0x000000f4                __section_table_end = .
 *(.after_vectors*)
 .after_vectors
                0x000000f4      0x12c ./Example/src/cr_startup_lpc175x_6x.o
                0x000000f4                data_init
                0x00000136                bss_init
                0x0000016c                ResetISR
                0x000001e4                NMI_Handler
                0x000001ea                HardFault_Handler
                0x000001f0                MemManage_Handler
                0x000001f6                BusFault_Handler
                0x000001fc                UsageFault_Handler
                0x00000208                DebugMon_Handler
                0x0000021a                UART1_IRQHandler
                0x0000021a                EINT3_IRQHandler
                0x0000021a                I2C1_IRQHandler
                0x0000021a                TIMER3_IRQHandler
                0x0000021a                UART0_IRQHandler
                0x0000021a                USBActivity_IRQHandler
                0x0000021a                CANActivity_IRQHandler
                0x0000021a                EINT2_IRQHandler
                0x0000021a                IntDefaultHandler
                0x0000021a                PLL0_IRQHandler
                0x0000021a                CAN_IRQHandler
                0x0000021a                I2C0_IRQHandler
                0x0000021a                SSP0_IRQHandler
                0x0000021a                I2S_IRQHandler
                0x0000021a                I2C2_IRQHandler
                0x0000021a                RTC_IRQHandler
                0x0000021a                TIMER0_IRQHandler
                0x0000021a                SPI_IRQHandler
                0x0000021a                RIT_IRQHandler
                0x0000021a                EINT1_IRQHandler
                0x0000021a                TIMER1_IRQHandler
                0x0000021a                UART2_IRQHandler
                0x0000021a                ADC_IRQHandler
                0x0000021a                SSP1_IRQHandler
                0x0000021a                USB_IRQHandler
                0x0000021a                BOD_IRQHandler
                0x0000021a                PWM1_IRQHandler
                0x0000021a                WDT_IRQHandler
                0x0000021a                QEI_IRQHandler
                0x0000021a                EINT0_IRQHandler
                0x0000021a                ETH_IRQHandler
                0x0000021a                PLL1_IRQHandler
                0x0000021a                DMA_IRQHandler
                0x0000021a                TIMER2_IRQHandler
                0x0000021a                UART3_IRQHandler
                0x0000021a                MCPWM_IRQHandler
 *(.text*)
 .text.vApplicationTickHook
                0x00000220        0xc ./freeRTOS/src/FreeRTOSCommonHooks.o
                0x00000220                vApplicationTickHook
 .text.pvPortMalloc
                0x0000022c       0x22 ./freeRTOS/src/heap_3.o
                0x0000022c                pvPortMalloc
 .text.vPortFree
                0x0000024e       0x24 ./freeRTOS/src/heap_3.o
                0x0000024e                vPortFree
 .text.vListInitialise
                0x00000272       0x3e ./freeRTOS/src/list.o
                0x00000272                vListInitialise
 .text.vListInitialiseItem
                0x000002b0       0x18 ./freeRTOS/src/list.o
                0x000002b0                vListInitialiseItem
 .text.vListInsertEnd
                0x000002c8       0x46 ./freeRTOS/src/list.o
                0x000002c8                vListInsertEnd
 .text.vListInsert
                0x0000030e       0x70 ./freeRTOS/src/list.o
                0x0000030e                vListInsert
 .text.uxListRemove
                0x0000037e       0x52 ./freeRTOS/src/list.o
                0x0000037e                uxListRemove
 .text.pxPortInitialiseStack
                0x000003d0       0x58 ./freeRTOS/src/port.o
                0x000003d0                pxPortInitialiseStack
 .text.prvTaskExitError
                0x00000428       0x1a ./freeRTOS/src/port.o
 *fill*         0x00000442        0xe ff
 .text.SVC_Handler
                0x00000450       0x28 ./freeRTOS/src/port.o
                0x00000450                SVC_Handler
 .text.prvPortStartFirstTask
                0x00000478       0x20 ./freeRTOS/src/port.o
 .text.xPortStartScheduler
                0x00000498       0x3c ./freeRTOS/src/port.o
                0x00000498                xPortStartScheduler
 .text.vPortEnterCritical
                0x000004d4       0x30 ./freeRTOS/src/port.o
                0x000004d4                vPortEnterCritical
 .text.vPortExitCritical
                0x00000504       0x30 ./freeRTOS/src/port.o
                0x00000504                vPortExitCritical
 *fill*         0x00000534        0xc ff
 .text.PendSV_Handler
                0x00000540       0x48 ./freeRTOS/src/port.o
                0x00000540                PendSV_Handler
 .text.SysTick_Handler
                0x00000588       0x40 ./freeRTOS/src/port.o
                0x00000588                SysTick_Handler
 .text.vPortSuppressTicksAndSleep
                0x000005c8      0x184 ./freeRTOS/src/port.o
                0x000005c8                vPortSuppressTicksAndSleep
 .text.vPortSetupTimerInterrupt
                0x0000074c       0x78 ./freeRTOS/src/port.o
                0x0000074c                vPortSetupTimerInterrupt
 .text.xQueueGenericReset
                0x000007c4       0xb4 ./freeRTOS/src/queue.o
                0x000007c4                xQueueGenericReset
 .text.xQueueGenericCreate
                0x00000878       0x58 ./freeRTOS/src/queue.o
                0x00000878                xQueueGenericCreate
 .text.prvInitialiseNewQueue
                0x000008d0       0x46 ./freeRTOS/src/queue.o
 *fill*         0x00000916        0x2 ff
 .text.xQueueGenericSend
                0x00000918      0x154 ./freeRTOS/src/queue.o
                0x00000918                xQueueGenericSend
 .text.xQueueGenericReceive
                0x00000a6c      0x1b0 ./freeRTOS/src/queue.o
                0x00000a6c                xQueueGenericReceive
 .text.prvCopyDataToQueue
                0x00000c1c       0xd4 ./freeRTOS/src/queue.o
 .text.prvCopyDataFromQueue
                0x00000cf0       0x4c ./freeRTOS/src/queue.o
 .text.prvUnlockQueue
                0x00000d3c       0xa4 ./freeRTOS/src/queue.o
 .text.prvIsQueueEmpty
                0x00000de0       0x2c ./freeRTOS/src/queue.o
 .text.prvIsQueueFull
                0x00000e0c       0x30 ./freeRTOS/src/queue.o
 .text.xTaskCreate
                0x00000e3c       0x82 ./freeRTOS/src/tasks.o
                0x00000e3c                xTaskCreate
 .text.prvInitialiseNewTask
                0x00000ebe       0xee ./freeRTOS/src/tasks.o
 .text.prvAddNewTaskToReadyList
                0x00000fac       0xdc ./freeRTOS/src/tasks.o
 .text.vTaskDelay
                0x00001088       0x48 ./freeRTOS/src/tasks.o
                0x00001088                vTaskDelay
 .text.vTaskStartScheduler
                0x000010d0       0x6c ./freeRTOS/src/tasks.o
                0x000010d0                vTaskStartScheduler
 .text.vTaskSuspendAll
                0x0000113c       0x1c ./freeRTOS/src/tasks.o
                0x0000113c                vTaskSuspendAll
 .text.prvGetExpectedIdleTime
                0x00001158       0x74 ./freeRTOS/src/tasks.o
 .text.xTaskResumeAll
                0x000011cc      0x11c ./freeRTOS/src/tasks.o
                0x000011cc                xTaskResumeAll
 .text.vTaskStepTick
                0x000012e8       0x24 ./freeRTOS/src/tasks.o
                0x000012e8                vTaskStepTick
 .text.xTaskIncrementTick
                0x0000130c      0x16c ./freeRTOS/src/tasks.o
                0x0000130c                xTaskIncrementTick
 .text.vTaskSwitchContext
                0x00001478       0x8c ./freeRTOS/src/tasks.o
                0x00001478                vTaskSwitchContext
 .text.vTaskPlaceOnEventList
                0x00001504       0x2c ./freeRTOS/src/tasks.o
                0x00001504                vTaskPlaceOnEventList
 .text.xTaskRemoveFromEventList
                0x00001530       0xac ./freeRTOS/src/tasks.o
                0x00001530                xTaskRemoveFromEventList
 .text.vTaskSetTimeOutState
                0x000015dc       0x2c ./freeRTOS/src/tasks.o
                0x000015dc                vTaskSetTimeOutState
 .text.xTaskCheckForTimeOut
                0x00001608       0x88 ./freeRTOS/src/tasks.o
                0x00001608                xTaskCheckForTimeOut
 .text.vTaskMissedYield
                0x00001690       0x18 ./freeRTOS/src/tasks.o
                0x00001690                vTaskMissedYield
 .text.prvIdleTask
                0x000016a8       0x54 ./freeRTOS/src/tasks.o
 .text.eTaskConfirmSleepModeStatus
                0x000016fc       0x5c ./freeRTOS/src/tasks.o
                0x000016fc                eTaskConfirmSleepModeStatus
 .text.prvInitialiseTaskLists
                0x00001758       0x80 ./freeRTOS/src/tasks.o
 .text.prvCheckTasksWaitingTermination
                0x000017d8       0x78 ./freeRTOS/src/tasks.o
 .text.prvDeleteTCB
                0x00001850       0x20 ./freeRTOS/src/tasks.o
 .text.prvResetNextTaskUnblockTime
                0x00001870       0x48 ./freeRTOS/src/tasks.o
 .text.vTaskPriorityInherit
                0x000018b8       0xec ./freeRTOS/src/tasks.o
                0x000018b8                vTaskPriorityInherit
 .text.xTaskPriorityDisinherit
                0x000019a4       0xc8 ./freeRTOS/src/tasks.o
                0x000019a4                xTaskPriorityDisinherit
 .text.pvTaskIncrementMutexHeldCount
                0x00001a6c       0x28 ./freeRTOS/src/tasks.o
                0x00001a6c                pvTaskIncrementMutexHeldCount
 .text.prvAddCurrentTaskToDelayedList
                0x00001a94       0xcc ./freeRTOS/src/tasks.o
 .text.Chip_IOCON_EnableOD
                0x00001b60       0x38 ./Example/src/FRTOS.o
 .text.Chip_GPIO_Init
                0x00001b98       0x16 ./Example/src/FRTOS.o
 .text.Chip_GPIO_SetPinDIROutput
                0x00001bae       0x38 ./Example/src/FRTOS.o
 .text.Chip_GPIO_SetPinDIRInput
                0x00001be6       0x3a ./Example/src/FRTOS.o
 .text.Chip_GPIO_SetPinDIR
                0x00001c20       0x42 ./Example/src/FRTOS.o
 .text.Chip_GPIO_SetDir
                0x00001c62       0x34 ./Example/src/FRTOS.o
 .text.Chip_GPIO_SetPinOutHigh
                0x00001c96       0x2c ./Example/src/FRTOS.o
 .text.Chip_GPIO_SetPinOutLow
                0x00001cc2       0x2c ./Example/src/FRTOS.o
 *fill*         0x00001cee        0x2 ff
 .text.uC_StartUp
                0x00001cf0       0xc0 ./Example/src/FRTOS.o
                0x00001cf0                uC_StartUp
 .text.xTaskMuestras
                0x00001db0      0x1d8 ./Example/src/FRTOS.o
 .text.xTaskAcelerometro
                0x00001f88      0x1d0 ./Example/src/FRTOS.o
 .text.main     0x00002158       0xfc ./Example/src/FRTOS.o
                0x00002158                main
 .text.SystemInit
                0x00002254       0x24 ./Example/src/sysinit.o
                0x00002254                SystemInit
 .text.I2C_XFER_config
                0x00002278       0x42 ./Acelerometro/src/Acelerometro.o
                0x00002278                I2C_XFER_config
 .text.Fill_Samples
                0x000022ba       0xd4 ./Acelerometro/src/Acelerometro.o
                0x000022ba                Fill_Samples
 *fill*         0x0000238e        0x2 ff
 .text.MPU6050_wakeup
                0x00002390       0x60 ./Acelerometro/src/Acelerometro.o
                0x00002390                MPU6050_wakeup
 .text.SystemCoreClockUpdate
                0x000023f0       0x18 D:\Facultad\Digitales II\Repositorio MCU\lpc_chip_175x_6x\Debug\liblpc_chip_175x_6x.a(chip_17xx_40xx.o)
                0x000023f0                SystemCoreClockUpdate
 .text.Chip_Clock_IsMainPLLEnabled
                0x00002408       0x24 D:\Facultad\Digitales II\Repositorio MCU\lpc_chip_175x_6x\Debug\liblpc_chip_175x_6x.a(clock_17xx_40xx.o)
 .text.Chip_Clock_IsMainPLLConnected
                0x0000242c       0x24 D:\Facultad\Digitales II\Repositorio MCU\lpc_chip_175x_6x\Debug\liblpc_chip_175x_6x.a(clock_17xx_40xx.o)
 .text.Chip_Clock_FeedPLL
                0x00002450       0x34 D:\Facultad\Digitales II\Repositorio MCU\lpc_chip_175x_6x\Debug\liblpc_chip_175x_6x.a(clock_17xx_40xx.o)
 .text.Chip_Clock_GetMainPLLSource
                0x00002484       0x20 D:\Facultad\Digitales II\Repositorio MCU\lpc_chip_175x_6x\Debug\liblpc_chip_175x_6x.a(clock_17xx_40xx.o)
 .text.Chip_Clock_GetMainOscRate
                0x000024a4       0x14 D:\Facultad\Digitales II\Repositorio MCU\lpc_chip_175x_6x\Debug\liblpc_chip_175x_6x.a(clock_17xx_40xx.o)
 .text.Chip_Clock_GetIntOscRate
                0x000024b8       0x14 D:\Facultad\Digitales II\Repositorio MCU\lpc_chip_175x_6x\Debug\liblpc_chip_175x_6x.a(clock_17xx_40xx.o)
 .text.Chip_Clock_GetRTCOscRate
                0x000024cc       0x14 D:\Facultad\Digitales II\Repositorio MCU\lpc_chip_175x_6x\Debug\liblpc_chip_175x_6x.a(clock_17xx_40xx.o)
 .text.Chip_Clock_GetMainPLLInClockRate
                0x000024e0        0xe D:\Facultad\Digitales II\Repositorio MCU\lpc_chip_175x_6x\Debug\liblpc_chip_175x_6x.a(clock_17xx_40xx.o)
 *fill*         0x000024ee        0x2 ff
 .text.Chip_Clock_EnablePLL
                0x000024f0       0x44 D:\Facultad\Digitales II\Repositorio MCU\lpc_chip_175x_6x\Debug\liblpc_chip_175x_6x.a(clock_17xx_40xx.o)
                0x000024f0                Chip_Clock_EnablePLL
 .text.Chip_Clock_DisablePLL
                0x00002534       0x48 D:\Facultad\Digitales II\Repositorio MCU\lpc_chip_175x_6x\Debug\liblpc_chip_175x_6x.a(clock_17xx_40xx.o)
                0x00002534                Chip_Clock_DisablePLL
 .text.Chip_Clock_SetupPLL
                0x0000257c       0x5c D:\Facultad\Digitales II\Repositorio MCU\lpc_chip_175x_6x\Debug\liblpc_chip_175x_6x.a(clock_17xx_40xx.o)
                0x0000257c                Chip_Clock_SetupPLL
 .text.Chip_Clock_EnablePeriphClock
                0x000025d8       0x34 D:\Facultad\Digitales II\Repositorio MCU\lpc_chip_175x_6x\Debug\liblpc_chip_175x_6x.a(clock_17xx_40xx.o)
                0x000025d8                Chip_Clock_EnablePeriphClock
 .text.Chip_Clock_GetCPUClockSource
                0x0000260c       0x24 D:\Facultad\Digitales II\Repositorio MCU\lpc_chip_175x_6x\Debug\liblpc_chip_175x_6x.a(clock_17xx_40xx.o)
                0x0000260c                Chip_Clock_GetCPUClockSource
 .text.Chip_Clock_SetCPUClockDiv
                0x00002630       0x20 D:\Facultad\Digitales II\Repositorio MCU\lpc_chip_175x_6x\Debug\liblpc_chip_175x_6x.a(clock_17xx_40xx.o)
                0x00002630                Chip_Clock_SetCPUClockDiv
 .text.Chip_Clock_GetCPUClockDiv
                0x00002650       0x1c D:\Facultad\Digitales II\Repositorio MCU\lpc_chip_175x_6x\Debug\liblpc_chip_175x_6x.a(clock_17xx_40xx.o)
                0x00002650                Chip_Clock_GetCPUClockDiv
 .text.Chip_Clock_GetPCLKDiv
                0x0000266c       0x8c D:\Facultad\Digitales II\Repositorio MCU\lpc_chip_175x_6x\Debug\liblpc_chip_175x_6x.a(clock_17xx_40xx.o)
                0x0000266c                Chip_Clock_GetPCLKDiv
 .text.Chip_Clock_GetSYSCLKRate
                0x000026f8       0x34 D:\Facultad\Digitales II\Repositorio MCU\lpc_chip_175x_6x\Debug\liblpc_chip_175x_6x.a(clock_17xx_40xx.o)
                0x000026f8                Chip_Clock_GetSYSCLKRate
 .text.Chip_Clock_GetMainPLLOutClockRate
                0x0000272c       0x54 D:\Facultad\Digitales II\Repositorio MCU\lpc_chip_175x_6x\Debug\liblpc_chip_175x_6x.a(clock_17xx_40xx.o)
                0x0000272c                Chip_Clock_GetMainPLLOutClockRate
 .text.Chip_Clock_GetMainClockRate
                0x00002780       0x28 D:\Facultad\Digitales II\Repositorio MCU\lpc_chip_175x_6x\Debug\liblpc_chip_175x_6x.a(clock_17xx_40xx.o)
                0x00002780                Chip_Clock_GetMainClockRate
 .text.Chip_Clock_GetSystemClockRate
                0x000027a8       0x18 D:\Facultad\Digitales II\Repositorio MCU\lpc_chip_175x_6x\Debug\liblpc_chip_175x_6x.a(clock_17xx_40xx.o)
                0x000027a8                Chip_Clock_GetSystemClockRate
 .text.Chip_Clock_GetPeripheralClockRate
                0x000027c0       0x26 D:\Facultad\Digitales II\Repositorio MCU\lpc_chip_175x_6x\Debug\liblpc_chip_175x_6x.a(clock_17xx_40xx.o)
                0x000027c0                Chip_Clock_GetPeripheralClockRate
 *fill*         0x000027e6        0x2 ff
 .text.getClkRate
                0x000027e8       0x24 D:\Facultad\Digitales II\Repositorio MCU\lpc_chip_175x_6x\Debug\liblpc_chip_175x_6x.a(i2c_17xx_40xx.o)
 .text.startMasterXfer
                0x0000280c       0x1e D:\Facultad\Digitales II\Repositorio MCU\lpc_chip_175x_6x\Debug\liblpc_chip_175x_6x.a(i2c_17xx_40xx.o)
 .text.startSlaverXfer
                0x0000282a       0x1e D:\Facultad\Digitales II\Repositorio MCU\lpc_chip_175x_6x\Debug\liblpc_chip_175x_6x.a(i2c_17xx_40xx.o)
 .text.isI2CBusFree
                0x00002848       0x24 D:\Facultad\Digitales II\Repositorio MCU\lpc_chip_175x_6x\Debug\liblpc_chip_175x_6x.a(i2c_17xx_40xx.o)
 .text.getCurState
                0x0000286c       0x1a D:\Facultad\Digitales II\Repositorio MCU\lpc_chip_175x_6x\Debug\liblpc_chip_175x_6x.a(i2c_17xx_40xx.o)
 *fill*         0x00002886        0x2 ff
 .text.handleMasterXferState
                0x00002888      0x284 D:\Facultad\Digitales II\Repositorio MCU\lpc_chip_175x_6x\Debug\liblpc_chip_175x_6x.a(i2c_17xx_40xx.o)
                0x00002888                handleMasterXferState
 .text.Chip_I2C_EventHandler
                0x00002b0c       0x4c D:\Facultad\Digitales II\Repositorio MCU\lpc_chip_175x_6x\Debug\liblpc_chip_175x_6x.a(i2c_17xx_40xx.o)
                0x00002b0c                Chip_I2C_EventHandler
 .text.Chip_I2C_EventHandlerPolling
                0x00002b58       0x60 D:\Facultad\Digitales II\Repositorio MCU\lpc_chip_175x_6x\Debug\liblpc_chip_175x_6x.a(i2c_17xx_40xx.o)
                0x00002b58                Chip_I2C_EventHandlerPolling
 .text.Chip_I2C_SetClockRate
                0x00002bb8       0x68 D:\Facultad\Digitales II\Repositorio MCU\lpc_chip_175x_6x\Debug\liblpc_chip_175x_6x.a(i2c_17xx_40xx.o)
                0x00002bb8                Chip_I2C_SetClockRate
 .text.Chip_I2C_SetMasterEventHandler
                0x00002c20       0x48 D:\Facultad\Digitales II\Repositorio MCU\lpc_chip_175x_6x\Debug\liblpc_chip_175x_6x.a(i2c_17xx_40xx.o)
                0x00002c20                Chip_I2C_SetMasterEventHandler
 .text.Chip_I2C_MasterTransfer
                0x00002c68       0x9c D:\Facultad\Digitales II\Repositorio MCU\lpc_chip_175x_6x\Debug\liblpc_chip_175x_6x.a(i2c_17xx_40xx.o)
                0x00002c68                Chip_I2C_MasterTransfer
 .text.Chip_I2C_MasterStateHandler
                0x00002d04       0x60 D:\Facultad\Digitales II\Repositorio MCU\lpc_chip_175x_6x\Debug\liblpc_chip_175x_6x.a(i2c_17xx_40xx.o)
                0x00002d04                Chip_I2C_MasterStateHandler
 .text.Chip_I2C_IsStateChanged
                0x00002d64       0x38 D:\Facultad\Digitales II\Repositorio MCU\lpc_chip_175x_6x\Debug\liblpc_chip_175x_6x.a(i2c_17xx_40xx.o)
                0x00002d64                Chip_I2C_IsStateChanged
 .text.Chip_IOCON_PinMux
                0x00002d9c       0x92 D:\Facultad\Digitales II\Repositorio MCU\lpc_chip_175x_6x\Debug\liblpc_chip_175x_6x.a(iocon_17xx_40xx.o)
                0x00002d9c                Chip_IOCON_PinMux
 *fill*         0x00002e2e        0x2 ff
 .text.Chip_Clock_IsMainPLLEnabled
                0x00002e30       0x24 D:\Facultad\Digitales II\Repositorio MCU\lpc_chip_175x_6x\Debug\liblpc_chip_175x_6x.a(sysinit_17xx_40xx.o)
 .text.Chip_Clock_IsMainPLLLocked
                0x00002e54       0x24 D:\Facultad\Digitales II\Repositorio MCU\lpc_chip_175x_6x\Debug\liblpc_chip_175x_6x.a(sysinit_17xx_40xx.o)
 .text.Chip_Clock_IsMainPLLConnected
                0x00002e78       0x24 D:\Facultad\Digitales II\Repositorio MCU\lpc_chip_175x_6x\Debug\liblpc_chip_175x_6x.a(sysinit_17xx_40xx.o)
 .text.Chip_Clock_EnableCrystal
                0x00002e9c       0x20 D:\Facultad\Digitales II\Repositorio MCU\lpc_chip_175x_6x\Debug\liblpc_chip_175x_6x.a(sysinit_17xx_40xx.o)
 .text.Chip_Clock_IsCrystalEnabled
                0x00002ebc       0x24 D:\Facultad\Digitales II\Repositorio MCU\lpc_chip_175x_6x\Debug\liblpc_chip_175x_6x.a(sysinit_17xx_40xx.o)
 .text.Chip_Clock_SetMainPLLSource
                0x00002ee0       0x20 D:\Facultad\Digitales II\Repositorio MCU\lpc_chip_175x_6x\Debug\liblpc_chip_175x_6x.a(sysinit_17xx_40xx.o)
 .text.Chip_SetupXtalClocking
                0x00002f00       0x90 D:\Facultad\Digitales II\Repositorio MCU\lpc_chip_175x_6x\Debug\liblpc_chip_175x_6x.a(sysinit_17xx_40xx.o)
                0x00002f00                Chip_SetupXtalClocking
 .text.Chip_SystemInit
                0x00002f90        0xc D:\Facultad\Digitales II\Repositorio MCU\lpc_chip_175x_6x\Debug\liblpc_chip_175x_6x.a(sysinit_17xx_40xx.o)
                0x00002f90                Chip_SystemInit
 .text.__main   0x00002f9c        0xe c:/nxp/mcuxpressoide_10.1.1_606/ide/tools/bin/../lib/gcc/arm-none-eabi/6.3.1/../../../../arm-none-eabi/lib/thumb/v7-m\libcr_semihost.a(_cr__main.o)
                0x00002f9c                __CR_SEMIHOST
                0x00002f9c                __main
 .text.memcpy   0x00002faa        0x4 c:/nxp/mcuxpressoide_10.1.1_606/ide/tools/bin/../lib/gcc/arm-none-eabi/6.3.1/../../../../arm-none-eabi/lib/thumb/v7-m\libcr_c.a(memcpy.o)
                0x00002faa                memcpy
 .text.memset   0x00002fae        0x4 c:/nxp/mcuxpressoide_10.1.1_606/ide/tools/bin/../lib/gcc/arm-none-eabi/6.3.1/../../../../arm-none-eabi/lib/thumb/v7-m\libcr_c.a(memset.o)
                0x00002fae                memset
 *fill*         0x00002fb2        0x2 ff
 .text.malloc   0x00002fb4       0xc4 c:/nxp/mcuxpressoide_10.1.1_606/ide/tools/bin/../lib/gcc/arm-none-eabi/6.3.1/../../../../arm-none-eabi/lib/thumb/v7-m\libcr_c.a(alloc.o)
                0x00002fb4                malloc
 .text.free     0x00003078       0x30 c:/nxp/mcuxpressoide_10.1.1_606/ide/tools/bin/../lib/gcc/arm-none-eabi/6.3.1/../../../../arm-none-eabi/lib/thumb/v7-m\libcr_c.a(alloc.o)
                0x00003078                free
 .text._Csys_alloc
                0x000030a8       0x20 c:/nxp/mcuxpressoide_10.1.1_606/ide/tools/bin/../lib/gcc/arm-none-eabi/6.3.1/../../../../arm-none-eabi/lib/thumb/v7-m\libcr_c.a(alloc.o)
                0x000030a8                _Csys_alloc
 .text.fp_round
                0x000030c8       0x4c c:/nxp/mcuxpressoide_10.1.1_606/ide/tools/bin/../lib/gcc/arm-none-eabi/6.3.1/../../../../arm-none-eabi/lib/thumb/v7-m\libcr_c.a(fpprintf.o)
 .text.pr_dec.constprop.1
                0x00003114       0x26 c:/nxp/mcuxpressoide_10.1.1_606/ide/tools/bin/../lib/gcc/arm-none-eabi/6.3.1/../../../../arm-none-eabi/lib/thumb/v7-m\libcr_c.a(fpprintf.o)
 *fill*         0x0000313a        0x2 ff
 .text.sprintf  0x0000313c       0x6c c:/nxp/mcuxpressoide_10.1.1_606/ide/tools/bin/../lib/gcc/arm-none-eabi/6.3.1/../../../../arm-none-eabi/lib/thumb/v7-m\libcr_c.a(fpprintf.o)
                0x0000313c                sprintf
 .text.fp_display
                0x000031a8      0x95c c:/nxp/mcuxpressoide_10.1.1_606/ide/tools/bin/../lib/gcc/arm-none-eabi/6.3.1/../../../../arm-none-eabi/lib/thumb/v7-m\libcr_c.a(fpprintf.o)
 .text.vsnprintf
                0x00003b04       0x5c c:/nxp/mcuxpressoide_10.1.1_606/ide/tools/bin/../lib/gcc/arm-none-eabi/6.3.1/../../../../arm-none-eabi/lib/thumb/v7-m\libcr_c.a(fpprintf.o)
                0x00003b04                vsnprintf
 .text.printf   0x00003b60       0x54 c:/nxp/mcuxpressoide_10.1.1_606/ide/tools/bin/../lib/gcc/arm-none-eabi/6.3.1/../../../../arm-none-eabi/lib/thumb/v7-m\libcr_c.a(fpprintf.o)
                0x00003b60                printf
 .text._initio  0x00003bb4       0x78 c:/nxp/mcuxpressoide_10.1.1_606/ide/tools/bin/../lib/gcc/arm-none-eabi/6.3.1/../../../../arm-none-eabi/lib/thumb/v7-m\libcr_c.a(initio.o)
                0x00003bb4                _initio
 .text.__vfprintf
                0x00003c2c      0xb68 c:/nxp/mcuxpressoide_10.1.1_606/ide/tools/bin/../lib/gcc/arm-none-eabi/6.3.1/../../../../arm-none-eabi/lib/thumb/v7-m\libcr_c.a(printf.o)
                0x00003c2c                __vfprintf
 .text.setvbuf  0x00004794       0x40 c:/nxp/mcuxpressoide_10.1.1_606/ide/tools/bin/../lib/gcc/arm-none-eabi/6.3.1/../../../../arm-none-eabi/lib/thumb/v7-m\libcr_c.a(setvbuf.o)
                0x00004794                setvbuf
 .text.strlen   0x000047d4       0x4a c:/nxp/mcuxpressoide_10.1.1_606/ide/tools/bin/../lib/gcc/arm-none-eabi/6.3.1/../../../../arm-none-eabi/lib/thumb/v7-m\libcr_c.a(strlen.o)
                0x000047d4                strlen
 *fill*         0x0000481e        0x2 ff
 .text._sbrk    0x00004820       0x3c c:/nxp/mcuxpressoide_10.1.1_606/ide/tools/bin/../lib/gcc/arm-none-eabi/6.3.1/../../../../arm-none-eabi/lib/thumb/v7-m\libcr_c.a(_cr_sbrk.o)
                0x00004820                _sbrk
 .text._deferredlazyseek
                0x0000485c       0x40 c:/nxp/mcuxpressoide_10.1.1_606/ide/tools/bin/../lib/gcc/arm-none-eabi/6.3.1/../../../../arm-none-eabi/lib/thumb/v7-m\libcr_c.a(_deferredlazyseek.o)
                0x0000485c                _deferredlazyseek
 .text.__flsbuf
                0x0000489c      0x148 c:/nxp/mcuxpressoide_10.1.1_606/ide/tools/bin/../lib/gcc/arm-none-eabi/6.3.1/../../../../arm-none-eabi/lib/thumb/v7-m\libcr_c.a(_deferredlazyseek.o)
                0x0000489c                __flsbuf
 .text._fdopen  0x000049e4       0x68 c:/nxp/mcuxpressoide_10.1.1_606/ide/tools/bin/../lib/gcc/arm-none-eabi/6.3.1/../../../../arm-none-eabi/lib/thumb/v7-m\libcr_c.a(_fdopen.o)
                0x000049e4                _fdopen
 .text._fflush  0x00004a4c       0x54 c:/nxp/mcuxpressoide_10.1.1_606/ide/tools/bin/../lib/gcc/arm-none-eabi/6.3.1/../../../../arm-none-eabi/lib/thumb/v7-m\libcr_c.a(_fflush.o)
                0x00004a4c                _fflush
 .text._frexpl  0x00004aa0       0x58 c:/nxp/mcuxpressoide_10.1.1_606/ide/tools/bin/../lib/gcc/arm-none-eabi/6.3.1/../../../../arm-none-eabi/lib/thumb/v7-m\libcr_c.a(_frexpl.o)
                0x00004aa0                _frexpl
 .text._ldexpl  0x00004af8       0x4c c:/nxp/mcuxpressoide_10.1.1_606/ide/tools/bin/../lib/gcc/arm-none-eabi/6.3.1/../../../../arm-none-eabi/lib/thumb/v7-m\libcr_c.a(_ldexpl.o)
                0x00004af8                _ldexpl
 .text._Cwritebuf
                0x00004b44       0x6c c:/nxp/mcuxpressoide_10.1.1_606/ide/tools/bin/../lib/gcc/arm-none-eabi/6.3.1/../../../../arm-none-eabi/lib/thumb/v7-m\libcr_c.a(_writebuf.o)
                0x00004b44                _Cwritebuf
 .text.fclose   0x00004bb0       0x58 c:/nxp/mcuxpressoide_10.1.1_606/ide/tools/bin/../lib/gcc/arm-none-eabi/6.3.1/../../../../arm-none-eabi/lib/thumb/v7-m\libcr_c.a(fclose.o)
                0x00004bb0                fclose
 .text.fflush   0x00004c08       0x44 c:/nxp/mcuxpressoide_10.1.1_606/ide/tools/bin/../lib/gcc/arm-none-eabi/6.3.1/../../../../arm-none-eabi/lib/thumb/v7-m\libcr_c.a(fflush.o)
                0x00004c08                fflush
 .text.fseek    0x00004c4c      0x100 c:/nxp/mcuxpressoide_10.1.1_606/ide/tools/bin/../lib/gcc/arm-none-eabi/6.3.1/../../../../arm-none-eabi/lib/thumb/v7-m\libcr_c.a(fseek.o)
                0x00004c4c                fseek
 .text.ftell    0x00004d4c       0x48 c:/nxp/mcuxpressoide_10.1.1_606/ide/tools/bin/../lib/gcc/arm-none-eabi/6.3.1/../../../../arm-none-eabi/lib/thumb/v7-m\libcr_c.a(ftell.o)
                0x00004d4c                ftell
 .text.remove   0x00004d94       0x14 c:/nxp/mcuxpressoide_10.1.1_606/ide/tools/bin/../lib/gcc/arm-none-eabi/6.3.1/../../../../arm-none-eabi/lib/thumb/v7-m\libcr_c.a(remove.o)
                0x00004d94                remove
 .text.__check_heap_overflow
                0x00004da8       0x18 c:/nxp/mcuxpressoide_10.1.1_606/ide/tools/bin/../lib/gcc/arm-none-eabi/6.3.1/../../../../arm-none-eabi/lib/thumb/v7-m\libcr_c.a(_cr_check_heap.o)
                0x00004da8                __check_heap_overflow
 .text._do_fflush
                0x00004dc0       0x40 c:/nxp/mcuxpressoide_10.1.1_606/ide/tools/bin/../lib/gcc/arm-none-eabi/6.3.1/../../../../arm-none-eabi/lib/thumb/v7-m\libcr_c.a(_do_fflush.o)
                0x00004dc0                _do_fflush
 .text.__aeabi_dmul
                0x00004e00      0x10c c:/nxp/mcuxpressoide_10.1.1_606/ide/tools/bin/../lib/gcc/arm-none-eabi/6.3.1/thumb/v7-m\libcr_eabihelpers.a(double.o)
                0x00004e00                __aeabi_dmul
 .text.__aeabi_ddiv
                0x00004f0c      0x134 c:/nxp/mcuxpressoide_10.1.1_606/ide/tools/bin/../lib/gcc/arm-none-eabi/6.3.1/thumb/v7-m\libcr_eabihelpers.a(double.o)
                0x00004f0c                __aeabi_ddiv
 .text.__aeabi_dsub
                0x00005040      0x1dc c:/nxp/mcuxpressoide_10.1.1_606/ide/tools/bin/../lib/gcc/arm-none-eabi/6.3.1/thumb/v7-m\libcr_eabihelpers.a(double.o)
                0x00005040                __aeabi_dsub
 .text.__aeabi_dadd
                0x0000521c      0x10c c:/nxp/mcuxpressoide_10.1.1_606/ide/tools/bin/../lib/gcc/arm-none-eabi/6.3.1/thumb/v7-m\libcr_eabihelpers.a(double.o)
                0x0000521c                __aeabi_dadd
 .text.__aeabi_d2iz
                0x00005328       0x40 c:/nxp/mcuxpressoide_10.1.1_606/ide/tools/bin/../lib/gcc/arm-none-eabi/6.3.1/thumb/v7-m\libcr_eabihelpers.a(double.o)
                0x00005328                __aeabi_d2iz
 .text.__bhs_ui2d
                0x00005368       0x46 c:/nxp/mcuxpressoide_10.1.1_606/ide/tools/bin/../lib/gcc/arm-none-eabi/6.3.1/thumb/v7-m\libcr_eabihelpers.a(double.o)
                0x00005368                __bhs_ui2d
 .text.__aeabi_i2d
                0x000053ae       0x12 c:/nxp/mcuxpressoide_10.1.1_606/ide/tools/bin/../lib/gcc/arm-none-eabi/6.3.1/thumb/v7-m\libcr_eabihelpers.a(double.o)
                0x000053ae                __aeabi_i2d
 .text.__aeabi_dcmpeq
                0x000053c0       0x2c c:/nxp/mcuxpressoide_10.1.1_606/ide/tools/bin/../lib/gcc/arm-none-eabi/6.3.1/thumb/v7-m\libcr_eabihelpers.a(double.o)
                0x000053c0                __aeabi_dcmpeq
 .text.__aeabi_dcmplt
                0x000053ec       0x54 c:/nxp/mcuxpressoide_10.1.1_606/ide/tools/bin/../lib/gcc/arm-none-eabi/6.3.1/thumb/v7-m\libcr_eabihelpers.a(double.o)
                0x000053ec                __aeabi_dcmplt
 .text.__aeabi_dcmple
                0x00005440       0x54 c:/nxp/mcuxpressoide_10.1.1_606/ide/tools/bin/../lib/gcc/arm-none-eabi/6.3.1/thumb/v7-m\libcr_eabihelpers.a(double.o)
                0x00005440                __aeabi_dcmple
 .text.__aeabi_dcmpge
                0x00005494       0x54 c:/nxp/mcuxpressoide_10.1.1_606/ide/tools/bin/../lib/gcc/arm-none-eabi/6.3.1/thumb/v7-m\libcr_eabihelpers.a(double.o)
                0x00005494                __aeabi_dcmpge
 .text.__aeabi_memcpy
                0x000054e8       0x34 c:/nxp/mcuxpressoide_10.1.1_606/ide/tools/bin/../lib/gcc/arm-none-eabi/6.3.1/thumb/v7-m\libcr_eabihelpers.a(memcpy.o)
                0x000054e8                __aeabi_memcpy
                0x000054f2                __aeabi_memcpy8
                0x000054f2                __aeabi_memcpy4
 .text.__aeabi_memset_lowlevel
                0x0000551c       0x32 c:/nxp/mcuxpressoide_10.1.1_606/ide/tools/bin/../lib/gcc/arm-none-eabi/6.3.1/thumb/v7-m\libcr_eabihelpers.a(memcpy.o)
                0x0000551c                __aeabi_lowlevel_memset
 *fill*         0x0000554e        0x2 ff
 .text.__sys_appexit
                0x00005550        0xc c:/nxp/mcuxpressoide_10.1.1_606/ide/tools/bin/../lib/gcc/arm-none-eabi/6.3.1/../../../../arm-none-eabi/lib/thumb/v7-m\libcr_semihost.a(__sys_appexit.o)
                0x00005550                __sys_appexit
                0x00005550                __exit
 .text.__sys_close
                0x0000555c        0xc c:/nxp/mcuxpressoide_10.1.1_606/ide/tools/bin/../lib/gcc/arm-none-eabi/6.3.1/../../../../arm-none-eabi/lib/thumb/v7-m\libcr_semihost.a(__sys_close.o)
                0x0000555c                __sys_close
 .text.__sys_flen
                0x00005568        0xc c:/nxp/mcuxpressoide_10.1.1_606/ide/tools/bin/../lib/gcc/arm-none-eabi/6.3.1/../../../../arm-none-eabi/lib/thumb/v7-m\libcr_semihost.a(__sys_flen.o)
                0x00005568                __sys_flen
 .text.__sys_istty
                0x00005574        0xc c:/nxp/mcuxpressoide_10.1.1_606/ide/tools/bin/../lib/gcc/arm-none-eabi/6.3.1/../../../../arm-none-eabi/lib/thumb/v7-m\libcr_semihost.a(__sys_istty.o)
                0x00005574                __sys_istty
 .text.__sys_remove
                0x00005580        0xc c:/nxp/mcuxpressoide_10.1.1_606/ide/tools/bin/../lib/gcc/arm-none-eabi/6.3.1/../../../../arm-none-eabi/lib/thumb/v7-m\libcr_semihost.a(__sys_remove.o)
                0x00005580                __sys_remove
 .text.__sys_seek
                0x0000558c        0xc c:/nxp/mcuxpressoide_10.1.1_606/ide/tools/bin/../lib/gcc/arm-none-eabi/6.3.1/../../../../arm-none-eabi/lib/thumb/v7-m\libcr_semihost.a(__sys_seek.o)
                0x0000558c                __sys_seek
 .text.__sys_tmpnam
                0x00005598        0xc c:/nxp/mcuxpressoide_10.1.1_606/ide/tools/bin/../lib/gcc/arm-none-eabi/6.3.1/../../../../arm-none-eabi/lib/thumb/v7-m\libcr_semihost.a(__sys_tmpnam.o)
                0x00005598                __sys_tmpnam
 .text.__sys_write
                0x000055a4        0xc c:/nxp/mcuxpressoide_10.1.1_606/ide/tools/bin/../lib/gcc/arm-none-eabi/6.3.1/../../../../arm-none-eabi/lib/thumb/v7-m\libcr_semihost.a(__sys_write.o)
                0x000055a4                __sys_write
 *(.rodata .rodata.* .constdata .constdata.*)
 .rodata        0x000055b0        0x5 ./freeRTOS/src/tasks.o
 *fill*         0x000055b5        0x3 ff
 .rodata        0x000055b8       0x3a ./Example/src/FRTOS.o
 *fill*         0x000055f2        0x2 ff
 .rodata.OscRateIn
                0x000055f4        0x4 ./Example/src/sysinit.o
                0x000055f4                OscRateIn
 .rodata.RTCOscRateIn
                0x000055f8        0x4 ./Example/src/sysinit.o
                0x000055f8                RTCOscRateIn
 .rodata        0x000055fc        0x2 ./Acelerometro/src/Acelerometro.o
 *fill*         0x000055fe        0x2 ff
 .rodata.I2C_PeriphClk
                0x00005600        0x3 D:\Facultad\Digitales II\Repositorio MCU\lpc_chip_175x_6x\Debug\liblpc_chip_175x_6x.a(i2c_17xx_40xx.o)
 .rodata._Csys_alloc.str1.1
                0x00005603       0x18 c:/nxp/mcuxpressoide_10.1.1_606/ide/tools/bin/../lib/gcc/arm-none-eabi/6.3.1/../../../../arm-none-eabi/lib/thumb/v7-m\libcr_c.a(alloc.o)
 .rodata.fp_display.str1.1
                0x0000561b       0x34 c:/nxp/mcuxpressoide_10.1.1_606/ide/tools/bin/../lib/gcc/arm-none-eabi/6.3.1/../../../../arm-none-eabi/lib/thumb/v7-m\libcr_c.a(fpprintf.o)
                                 0x35 (size before relaxing)
 .rodata._initio.str1.1
                0x0000564f        0x4 c:/nxp/mcuxpressoide_10.1.1_606/ide/tools/bin/../lib/gcc/arm-none-eabi/6.3.1/../../../../arm-none-eabi/lib/thumb/v7-m\libcr_c.a(initio.o)
 .rodata.__vfprintf.str1.1
                0x00005653       0x31 c:/nxp/mcuxpressoide_10.1.1_606/ide/tools/bin/../lib/gcc/arm-none-eabi/6.3.1/../../../../arm-none-eabi/lib/thumb/v7-m\libcr_c.a(printf.o)
                                 0x38 (size before relaxing)
 *fill*         0x00005684        0x4 ff
 .rodata.__huge_vall
                0x00005688        0x8 c:/nxp/mcuxpressoide_10.1.1_606/ide/tools/bin/../lib/gcc/arm-none-eabi/6.3.1/../../../../arm-none-eabi/lib/thumb/v7-m\libcr_c.a(_hugeval.o)
                0x00005688                __huge_vall
 .rodata.__num_Ciob_streams
                0x00005690        0x4 c:/nxp/mcuxpressoide_10.1.1_606/ide/tools/bin/../lib/gcc/arm-none-eabi/6.3.1/../../../../arm-none-eabi/lib/thumb/v7-m\libcr_semihost.a(__ciob.o)
                0x00005690                __num_Ciob_streams
                0x00005694                . = ALIGN (0x4)

.glue_7         0x00005694        0x0
 .glue_7        0x00005694        0x0 linker stubs

.glue_7t        0x00005694        0x0
 .glue_7t       0x00005694        0x0 linker stubs

.vfp11_veneer   0x00005694        0x0
 .vfp11_veneer  0x00005694        0x0 linker stubs

.v4_bx          0x00005694        0x0
 .v4_bx         0x00005694        0x0 linker stubs

.iplt           0x00005694        0x0
 .iplt          0x00005694        0x0 ./freeRTOS/src/FreeRTOSCommonHooks.o

.rel.dyn        0x00005694        0x0
 .rel.iplt      0x00005694        0x0 ./freeRTOS/src/FreeRTOSCommonHooks.o

.ARM.extab
 *(.ARM.extab* .gnu.linkonce.armextab.*)
                0x00005694                __exidx_start = .

.ARM.exidx
 *(.ARM.exidx* .gnu.linkonce.armexidx.*)
                0x00005694                __exidx_end = .
                0x00005694                _etext = .

.data_RAM2      0x2007c000        0x0 load address 0x00005694
 FILL mask 0xff
                [!provide]                PROVIDE (__start_data_RAM2, .)
 *(.ramfunc.$RAM2)
 *(.ramfunc.$RamAHB32)
 *(.data.$RAM2*)
 *(.data.$RamAHB32*)
                0x2007c000                . = ALIGN (0x4)
                [!provide]                PROVIDE (__end_data_RAM2, .)

.uninit_RESERVED
                0x10000000        0x0
 *(.bss.$RESERVED*)
                0x10000000                . = ALIGN (0x4)
                0x10000000                _end_uninit_RESERVED = .

.data           0x10000000       0x64 load address 0x00005694
 FILL mask 0xff
                0x10000000                _data = .
 *(vtable)
 *(.ramfunc*)
 *(.data*)
 .data.uxCriticalNesting
                0x10000000        0x4 ./freeRTOS/src/port.o
 .data.promXant.7541
                0x10000004        0x4 ./Example/src/FRTOS.o
 .data.promYant.7542
                0x10000008        0x4 ./Example/src/FRTOS.o
 .data.promZant.7543
                0x1000000c        0x4 ./Example/src/FRTOS.o
 .data.i2c      0x10000010       0x54 D:\Facultad\Digitales II\Repositorio MCU\lpc_chip_175x_6x\Debug\liblpc_chip_175x_6x.a(i2c_17xx_40xx.o)
                0x10000064                . = ALIGN (0x4)
                0x10000064                _edata = .

.igot.plt       0x10000064        0x0 load address 0x000056f8
 .igot.plt      0x10000064        0x0 ./freeRTOS/src/FreeRTOSCommonHooks.o

.bss_RAM2       0x2007c000        0x0
                [!provide]                PROVIDE (__start_bss_RAM2, .)
 *(.bss.$RAM2*)
 *(.bss.$RamAHB32*)
                0x2007c000                . = ALIGN ((. != 0x0)?0x4:0x1)
                [!provide]                PROVIDE (__end_bss_RAM2, .)

.bss            0x10000064      0x340
                0x10000064                _bss = .
 *(.bss*)
 .bss.ulTimerCountsForOneTick
                0x10000064        0x4 ./freeRTOS/src/port.o
 .bss.xMaximumPossibleSuppressedTicks
                0x10000068        0x4 ./freeRTOS/src/port.o
 .bss.ulStoppedTimerCompensation
                0x1000006c        0x4 ./freeRTOS/src/port.o
 .bss.pxCurrentTCB
                0x10000070        0x4 ./freeRTOS/src/tasks.o
                0x10000070                pxCurrentTCB
 .bss.pxReadyTasksLists
                0x10000074       0x64 ./freeRTOS/src/tasks.o
 .bss.xDelayedTaskList1
                0x100000d8       0x14 ./freeRTOS/src/tasks.o
 .bss.xDelayedTaskList2
                0x100000ec       0x14 ./freeRTOS/src/tasks.o
 .bss.pxDelayedTaskList
                0x10000100        0x4 ./freeRTOS/src/tasks.o
 .bss.pxOverflowDelayedTaskList
                0x10000104        0x4 ./freeRTOS/src/tasks.o
 .bss.xPendingReadyList
                0x10000108       0x14 ./freeRTOS/src/tasks.o
 .bss.xTasksWaitingTermination
                0x1000011c       0x14 ./freeRTOS/src/tasks.o
 .bss.uxDeletedTasksWaitingCleanUp
                0x10000130        0x4 ./freeRTOS/src/tasks.o
 .bss.xSuspendedTaskList
                0x10000134       0x14 ./freeRTOS/src/tasks.o
 .bss.uxCurrentNumberOfTasks
                0x10000148        0x4 ./freeRTOS/src/tasks.o
 .bss.xTickCount
                0x1000014c        0x4 ./freeRTOS/src/tasks.o
 .bss.uxTopReadyPriority
                0x10000150        0x4 ./freeRTOS/src/tasks.o
 .bss.xSchedulerRunning
                0x10000154        0x4 ./freeRTOS/src/tasks.o
 .bss.uxPendedTicks
                0x10000158        0x4 ./freeRTOS/src/tasks.o
 .bss.xYieldPending
                0x1000015c        0x4 ./freeRTOS/src/tasks.o
 .bss.xNumOfOverflows
                0x10000160        0x4 ./freeRTOS/src/tasks.o
 .bss.uxTaskNumber
                0x10000164        0x4 ./freeRTOS/src/tasks.o
 .bss.xNextTaskUnblockTime
                0x10000168        0x4 ./freeRTOS/src/tasks.o
 .bss.xIdleTaskHandle
                0x1000016c        0x4 ./freeRTOS/src/tasks.o
 .bss.uxSchedulerSuspended
                0x10000170        0x4 ./freeRTOS/src/tasks.o
 .bss.Semaforo_Muestras_Acelerometro
                0x10000174        0x4 ./Example/src/FRTOS.o
                0x10000174                Semaforo_Muestras_Acelerometro
 .bss.Semaforo_Analisis_Acelerometro
                0x10000178        0x4 ./Example/src/FRTOS.o
                0x10000178                Semaforo_Analisis_Acelerometro
 .bss.Cola_PromX
                0x1000017c        0x4 ./Example/src/FRTOS.o
                0x1000017c                Cola_PromX
 .bss.Cola_PromY
                0x10000180        0x4 ./Example/src/FRTOS.o
                0x10000180                Cola_PromY
 .bss.Cola_PromZ
                0x10000184        0x4 ./Example/src/FRTOS.o
                0x10000184                Cola_PromZ
 .bss.xfer.7524
                0x10000188       0x18 ./Example/src/FRTOS.o
 .bss.wbuf.7523
                0x100001a0        0x2 ./Example/src/FRTOS.o
 .bss.k.7521    0x100001a2        0x1 ./Example/src/FRTOS.o
 *fill*         0x100001a3        0x1 
 .bss.valx.7520
                0x100001a4        0x2 ./Example/src/FRTOS.o
 .bss.valxPrevio.7519
                0x100001a6        0x2 ./Example/src/FRTOS.o
 .bss.promX.7516
                0x100001a8        0x4 ./Example/src/FRTOS.o
 .bss.promY.7517
                0x100001ac        0x4 ./Example/src/FRTOS.o
 .bss.promZ.7518
                0x100001b0        0x4 ./Example/src/FRTOS.o
 .bss.__end_of_heap
                0x100001b4        0x4 c:/nxp/mcuxpressoide_10.1.1_606/ide/tools/bin/../lib/gcc/arm-none-eabi/6.3.1/../../../../arm-none-eabi/lib/thumb/v7-m\libcr_c.a(__init_alloc.o)
                0x100001b4                __end_of_heap
 .bss.__heaps   0x100001b8        0x4 c:/nxp/mcuxpressoide_10.1.1_606/ide/tools/bin/../lib/gcc/arm-none-eabi/6.3.1/../../../../arm-none-eabi/lib/thumb/v7-m\libcr_c.a(__init_alloc.o)
                0x100001b8                __heaps
 .bss.errno     0x100001bc        0x4 c:/nxp/mcuxpressoide_10.1.1_606/ide/tools/bin/../lib/gcc/arm-none-eabi/6.3.1/../../../../arm-none-eabi/lib/thumb/v7-m\libcr_c.a(errno.o)
                0x100001bc                errno
 .bss.__Ciob    0x100001c0      0x1e0 c:/nxp/mcuxpressoide_10.1.1_606/ide/tools/bin/../lib/gcc/arm-none-eabi/6.3.1/../../../../arm-none-eabi/lib/thumb/v7-m\libcr_semihost.a(__ciob.o)
                0x100001c0                __Ciob
 *(COMMON)
 COMMON         0x100003a0        0x4 D:\Facultad\Digitales II\Repositorio MCU\lpc_chip_175x_6x\Debug\liblpc_chip_175x_6x.a(chip_17xx_40xx.o)
                0x100003a0                SystemCoreClock
                0x100003a4                . = ALIGN (0x4)
                0x100003a4                _ebss = .
                [!provide]                PROVIDE (end, .)

.noinit_RAM2    0x2007c000        0x0
 *(.noinit.$RAM2*)
 *(.noinit.$RamAHB32*)
                0x2007c000                . = ALIGN (0x4)

.noinit         0x100003a4        0x0
                0x100003a4                _noinit = .
 *(.noinit*)
                0x100003a4                . = ALIGN (0x4)
                0x100003a4                _end_noinit = .
                0x100003a4                PROVIDE (_pvHeapStart, DEFINED (__user_heap_base)?__user_heap_base:.)
                0x10008000                PROVIDE (_vStackTop, DEFINED (__user_stack_top)?__user_stack_top:(__top_RamLoc32 - 0x0))
                0xefff74de                PROVIDE (__valid_user_code_checksum, (0x0 - ((((((_vStackTop + (ResetISR + 0x1)) + (NMI_Handler + 0x1)) + (HardFault_Handler + 0x1)) + (DEFINED (MemManage_Handler)?MemManage_Handler:0x0 + 0x1)) + (DEFINED (BusFault_Handler)?BusFault_Handler:0x0 + 0x1)) + (DEFINED (UsageFault_Handler)?UsageFault_Handler:0x0 + 0x1))))
                0x00000000                _image_start = LOADADDR (.text)
                0x000056f8                _image_end = (LOADADDR (.data) + SIZEOF (.data))
                0x000056f8                _image_size = (_image_end - _image_start)
OUTPUT(FRTOS_ACELEROMETRO.axf elf32-littlearm)

.debug_info     0x00000000     0x6b3e
 .debug_info    0x00000000      0x25e ./freeRTOS/src/FreeRTOSCommonHooks.o
 .debug_info    0x0000025e      0x132 ./freeRTOS/src/heap_3.o
 .debug_info    0x00000390      0x2d6 ./freeRTOS/src/list.o
 .debug_info    0x00000666      0x3e7 ./freeRTOS/src/port.o
 .debug_info    0x00000a4d      0xf58 ./freeRTOS/src/queue.o
 .debug_info    0x000019a5     0x19ae ./freeRTOS/src/tasks.o
 .debug_info    0x00003353      0x94f ./Example/src/FRTOS.o
 .debug_info    0x00003ca2      0x25c ./Example/src/cr_startup_lpc175x_6x.o
 .debug_info    0x00003efe      0x200 ./Example/src/sysinit.o
 .debug_info    0x000040fe      0x2fa ./Acelerometro/src/Acelerometro.o
 .debug_info    0x000043f8      0x55a D:\Facultad\Digitales II\Repositorio MCU\lpc_chip_175x_6x\Debug\liblpc_chip_175x_6x.a(chip_17xx_40xx.o)
 .debug_info    0x00004952      0xba2 D:\Facultad\Digitales II\Repositorio MCU\lpc_chip_175x_6x\Debug\liblpc_chip_175x_6x.a(clock_17xx_40xx.o)
 .debug_info    0x000054f4      0xeac D:\Facultad\Digitales II\Repositorio MCU\lpc_chip_175x_6x\Debug\liblpc_chip_175x_6x.a(i2c_17xx_40xx.o)
 .debug_info    0x000063a0      0x325 D:\Facultad\Digitales II\Repositorio MCU\lpc_chip_175x_6x\Debug\liblpc_chip_175x_6x.a(iocon_17xx_40xx.o)
 .debug_info    0x000066c5      0x479 D:\Facultad\Digitales II\Repositorio MCU\lpc_chip_175x_6x\Debug\liblpc_chip_175x_6x.a(sysinit_17xx_40xx.o)

.debug_abbrev   0x00000000     0x1a2f
 .debug_abbrev  0x00000000      0x17b ./freeRTOS/src/FreeRTOSCommonHooks.o
 .debug_abbrev  0x0000017b       0xe2 ./freeRTOS/src/heap_3.o
 .debug_abbrev  0x0000025d      0x112 ./freeRTOS/src/list.o
 .debug_abbrev  0x0000036f      0x231 ./freeRTOS/src/port.o
 .debug_abbrev  0x000005a0      0x242 ./freeRTOS/src/queue.o
 .debug_abbrev  0x000007e2      0x2fc ./freeRTOS/src/tasks.o
 .debug_abbrev  0x00000ade      0x223 ./Example/src/FRTOS.o
 .debug_abbrev  0x00000d01      0x114 ./Example/src/cr_startup_lpc175x_6x.o
 .debug_abbrev  0x00000e15       0xdb ./Example/src/sysinit.o
 .debug_abbrev  0x00000ef0      0x14d ./Acelerometro/src/Acelerometro.o
 .debug_abbrev  0x0000103d      0x14d D:\Facultad\Digitales II\Repositorio MCU\lpc_chip_175x_6x\Debug\liblpc_chip_175x_6x.a(chip_17xx_40xx.o)
 .debug_abbrev  0x0000118a      0x301 D:\Facultad\Digitales II\Repositorio MCU\lpc_chip_175x_6x\Debug\liblpc_chip_175x_6x.a(clock_17xx_40xx.o)
 .debug_abbrev  0x0000148b      0x2d0 D:\Facultad\Digitales II\Repositorio MCU\lpc_chip_175x_6x\Debug\liblpc_chip_175x_6x.a(i2c_17xx_40xx.o)
 .debug_abbrev  0x0000175b      0x14a D:\Facultad\Digitales II\Repositorio MCU\lpc_chip_175x_6x\Debug\liblpc_chip_175x_6x.a(iocon_17xx_40xx.o)
 .debug_abbrev  0x000018a5      0x18a D:\Facultad\Digitales II\Repositorio MCU\lpc_chip_175x_6x\Debug\liblpc_chip_175x_6x.a(sysinit_17xx_40xx.o)

.debug_aranges  0x00000000      0x860
 .debug_aranges
                0x00000000       0x40 ./freeRTOS/src/FreeRTOSCommonHooks.o
 .debug_aranges
                0x00000040       0x28 ./freeRTOS/src/heap_3.o
 .debug_aranges
                0x00000068       0x40 ./freeRTOS/src/list.o
 .debug_aranges
                0x000000a8       0x78 ./freeRTOS/src/port.o
 .debug_aranges
                0x00000120      0x110 ./freeRTOS/src/queue.o
 .debug_aranges
                0x00000230      0x1e8 ./freeRTOS/src/tasks.o
 .debug_aranges
                0x00000418       0x78 ./Example/src/FRTOS.o
 .debug_aranges
                0x00000490       0x80 ./Example/src/cr_startup_lpc175x_6x.o
 .debug_aranges
                0x00000510       0x20 ./Example/src/sysinit.o
 .debug_aranges
                0x00000530       0x30 ./Acelerometro/src/Acelerometro.o
 .debug_aranges
                0x00000560       0x38 D:\Facultad\Digitales II\Repositorio MCU\lpc_chip_175x_6x\Debug\liblpc_chip_175x_6x.a(chip_17xx_40xx.o)
 .debug_aranges
                0x00000598      0x120 D:\Facultad\Digitales II\Repositorio MCU\lpc_chip_175x_6x\Debug\liblpc_chip_175x_6x.a(clock_17xx_40xx.o)
 .debug_aranges
                0x000006b8      0x118 D:\Facultad\Digitales II\Repositorio MCU\lpc_chip_175x_6x\Debug\liblpc_chip_175x_6x.a(i2c_17xx_40xx.o)
 .debug_aranges
                0x000007d0       0x30 D:\Facultad\Digitales II\Repositorio MCU\lpc_chip_175x_6x\Debug\liblpc_chip_175x_6x.a(iocon_17xx_40xx.o)
 .debug_aranges
                0x00000800       0x60 D:\Facultad\Digitales II\Repositorio MCU\lpc_chip_175x_6x\Debug\liblpc_chip_175x_6x.a(sysinit_17xx_40xx.o)

.debug_ranges   0x00000000      0x770
 .debug_ranges  0x00000000       0x30 ./freeRTOS/src/FreeRTOSCommonHooks.o
 .debug_ranges  0x00000030       0x18 ./freeRTOS/src/heap_3.o
 .debug_ranges  0x00000048       0x30 ./freeRTOS/src/list.o
 .debug_ranges  0x00000078       0x68 ./freeRTOS/src/port.o
 .debug_ranges  0x000000e0      0x100 ./freeRTOS/src/queue.o
 .debug_ranges  0x000001e0      0x1d8 ./freeRTOS/src/tasks.o
 .debug_ranges  0x000003b8       0x68 ./Example/src/FRTOS.o
 .debug_ranges  0x00000420       0x70 ./Example/src/cr_startup_lpc175x_6x.o
 .debug_ranges  0x00000490       0x10 ./Example/src/sysinit.o
 .debug_ranges  0x000004a0       0x20 ./Acelerometro/src/Acelerometro.o
 .debug_ranges  0x000004c0       0x28 D:\Facultad\Digitales II\Repositorio MCU\lpc_chip_175x_6x\Debug\liblpc_chip_175x_6x.a(chip_17xx_40xx.o)
 .debug_ranges  0x000004e8      0x110 D:\Facultad\Digitales II\Repositorio MCU\lpc_chip_175x_6x\Debug\liblpc_chip_175x_6x.a(clock_17xx_40xx.o)
 .debug_ranges  0x000005f8      0x108 D:\Facultad\Digitales II\Repositorio MCU\lpc_chip_175x_6x\Debug\liblpc_chip_175x_6x.a(i2c_17xx_40xx.o)
 .debug_ranges  0x00000700       0x20 D:\Facultad\Digitales II\Repositorio MCU\lpc_chip_175x_6x\Debug\liblpc_chip_175x_6x.a(iocon_17xx_40xx.o)
 .debug_ranges  0x00000720       0x50 D:\Facultad\Digitales II\Repositorio MCU\lpc_chip_175x_6x\Debug\liblpc_chip_175x_6x.a(sysinit_17xx_40xx.o)

.debug_macro    0x00000000     0x63a0
 .debug_macro   0x00000000      0x24f ./freeRTOS/src/FreeRTOSCommonHooks.o
 .debug_macro   0x0000024f      0x8d4 ./freeRTOS/src/FreeRTOSCommonHooks.o
 .debug_macro   0x00000b23       0x10 ./freeRTOS/src/FreeRTOSCommonHooks.o
 .debug_macro   0x00000b33      0x12d ./freeRTOS/src/FreeRTOSCommonHooks.o
 .debug_macro   0x00000c60       0x16 ./freeRTOS/src/FreeRTOSCommonHooks.o
 .debug_macro   0x00000c76      0x5b2 ./freeRTOS/src/FreeRTOSCommonHooks.o
 .debug_macro   0x00001228       0xe8 ./freeRTOS/src/FreeRTOSCommonHooks.o
 .debug_macro   0x00001310      0x168 ./freeRTOS/src/FreeRTOSCommonHooks.o
 .debug_macro   0x00001478       0xe4 ./freeRTOS/src/FreeRTOSCommonHooks.o
 .debug_macro   0x0000155c       0x10 ./freeRTOS/src/FreeRTOSCommonHooks.o
 .debug_macro   0x0000156c       0x1f ./freeRTOS/src/FreeRTOSCommonHooks.o
 .debug_macro   0x0000158b      0x3f3 ./freeRTOS/src/FreeRTOSCommonHooks.o
 .debug_macro   0x0000197e       0xc0 ./freeRTOS/src/FreeRTOSCommonHooks.o
 .debug_macro   0x00001a3e       0x8c ./freeRTOS/src/FreeRTOSCommonHooks.o
 .debug_macro   0x00001aca       0x22 ./freeRTOS/src/FreeRTOSCommonHooks.o
 .debug_macro   0x00001aec       0x74 ./freeRTOS/src/FreeRTOSCommonHooks.o
 .debug_macro   0x00001b60       0x10 ./freeRTOS/src/FreeRTOSCommonHooks.o
 .debug_macro   0x00001b70       0x2d ./freeRTOS/src/FreeRTOSCommonHooks.o
 .debug_macro   0x00001b9d       0x3a ./freeRTOS/src/FreeRTOSCommonHooks.o
 .debug_macro   0x00001bd7       0x2d ./freeRTOS/src/FreeRTOSCommonHooks.o
 .debug_macro   0x00001c04      0xbb1 ./freeRTOS/src/FreeRTOSCommonHooks.o
 .debug_macro   0x000027b5      0x22c ./freeRTOS/src/FreeRTOSCommonHooks.o
 .debug_macro   0x000029e1       0x42 ./freeRTOS/src/FreeRTOSCommonHooks.o
 .debug_macro   0x00002a23       0x52 ./freeRTOS/src/FreeRTOSCommonHooks.o
 .debug_macro   0x00002a75       0x78 ./freeRTOS/src/FreeRTOSCommonHooks.o
 .debug_macro   0x00002aed       0x82 ./freeRTOS/src/FreeRTOSCommonHooks.o
 .debug_macro   0x00002b6f      0x48c ./freeRTOS/src/FreeRTOSCommonHooks.o
 .debug_macro   0x00002ffb       0x34 ./freeRTOS/src/FreeRTOSCommonHooks.o
 .debug_macro   0x0000302f      0x4c5 ./freeRTOS/src/FreeRTOSCommonHooks.o
 .debug_macro   0x000034f4      0x1b7 ./freeRTOS/src/FreeRTOSCommonHooks.o
 .debug_macro   0x000036ab       0x10 ./freeRTOS/src/FreeRTOSCommonHooks.o
 .debug_macro   0x000036bb      0x21b ./freeRTOS/src/FreeRTOSCommonHooks.o
 .debug_macro   0x000038d6      0x1b9 ./freeRTOS/src/FreeRTOSCommonHooks.o
 .debug_macro   0x00003a8f       0x40 ./freeRTOS/src/FreeRTOSCommonHooks.o
 .debug_macro   0x00003acf       0x22 ./freeRTOS/src/FreeRTOSCommonHooks.o
 .debug_macro   0x00003af1      0x162 ./freeRTOS/src/FreeRTOSCommonHooks.o
 .debug_macro   0x00003c53       0x94 ./freeRTOS/src/FreeRTOSCommonHooks.o
 .debug_macro   0x00003ce7       0xb8 ./freeRTOS/src/FreeRTOSCommonHooks.o
 .debug_macro   0x00003d9f       0x4c ./freeRTOS/src/FreeRTOSCommonHooks.o
 .debug_macro   0x00003deb       0x16 ./freeRTOS/src/FreeRTOSCommonHooks.o
 .debug_macro   0x00003e01      0x328 ./freeRTOS/src/FreeRTOSCommonHooks.o
 .debug_macro   0x00004129       0x49 ./freeRTOS/src/FreeRTOSCommonHooks.o
 .debug_macro   0x00004172       0x16 ./freeRTOS/src/FreeRTOSCommonHooks.o
 .debug_macro   0x00004188       0xca ./freeRTOS/src/FreeRTOSCommonHooks.o
 .debug_macro   0x00004252       0x11 ./freeRTOS/src/FreeRTOSCommonHooks.o
 .debug_macro   0x00004263       0xd4 ./freeRTOS/src/heap_3.o
 .debug_macro   0x00004337       0xb9 ./freeRTOS/src/list.o
 .debug_macro   0x000043f0      0x159 ./freeRTOS/src/port.o
 .debug_macro   0x00004549      0x122 ./freeRTOS/src/queue.o
 .debug_macro   0x0000466b       0x94 ./freeRTOS/src/queue.o
 .debug_macro   0x000046ff      0x185 ./freeRTOS/src/tasks.o
 .debug_macro   0x00004884       0x11 ./freeRTOS/src/tasks.o
 .debug_macro   0x00004895      0x293 ./Example/src/FRTOS.o
 .debug_macro   0x00004b28       0x7b ./Example/src/FRTOS.o
 .debug_macro   0x00004ba3       0x18 ./Example/src/FRTOS.o
 .debug_macro   0x00004bbb       0x10 ./Example/src/FRTOS.o
 .debug_macro   0x00004bcb       0xe8 ./Example/src/FRTOS.o
 .debug_macro   0x00004cb3       0x78 ./Example/src/FRTOS.o
 .debug_macro   0x00004d2b       0x5e ./Example/src/FRTOS.o
 .debug_macro   0x00004d89       0x82 ./Example/src/FRTOS.o
 .debug_macro   0x00004e0b       0x1d ./Example/src/cr_startup_lpc175x_6x.o
 .debug_macro   0x00004e28      0x1cd ./Example/src/sysinit.o
 .debug_macro   0x00004ff5      0x1d6 ./Acelerometro/src/Acelerometro.o
 .debug_macro   0x000051cb      0x1cd D:\Facultad\Digitales II\Repositorio MCU\lpc_chip_175x_6x\Debug\liblpc_chip_175x_6x.a(chip_17xx_40xx.o)
 .debug_macro   0x00005398      0x8c2 D:\Facultad\Digitales II\Repositorio MCU\lpc_chip_175x_6x\Debug\liblpc_chip_175x_6x.a(chip_17xx_40xx.o)
 .debug_macro   0x00005c5a      0x1cd D:\Facultad\Digitales II\Repositorio MCU\lpc_chip_175x_6x\Debug\liblpc_chip_175x_6x.a(clock_17xx_40xx.o)
 .debug_macro   0x00005e27      0x1df D:\Facultad\Digitales II\Repositorio MCU\lpc_chip_175x_6x\Debug\liblpc_chip_175x_6x.a(i2c_17xx_40xx.o)
 .debug_macro   0x00006006      0x1cd D:\Facultad\Digitales II\Repositorio MCU\lpc_chip_175x_6x\Debug\liblpc_chip_175x_6x.a(iocon_17xx_40xx.o)
 .debug_macro   0x000061d3      0x1cd D:\Facultad\Digitales II\Repositorio MCU\lpc_chip_175x_6x\Debug\liblpc_chip_175x_6x.a(sysinit_17xx_40xx.o)

.debug_line     0x00000000     0x4bb8
 .debug_line    0x00000000      0x59e ./freeRTOS/src/FreeRTOSCommonHooks.o
 .debug_line    0x0000059e      0x23b ./freeRTOS/src/heap_3.o
 .debug_line    0x000007d9      0x289 ./freeRTOS/src/list.o
 .debug_line    0x00000a62      0x362 ./freeRTOS/src/port.o
 .debug_line    0x00000dc4      0x681 ./freeRTOS/src/queue.o
 .debug_line    0x00001445      0xbcc ./freeRTOS/src/tasks.o
 .debug_line    0x00002011      0x73b ./Example/src/FRTOS.o
 .debug_line    0x0000274c       0xdb ./Example/src/cr_startup_lpc175x_6x.o
 .debug_line    0x00002827      0x3fc ./Example/src/sysinit.o
 .debug_line    0x00002c23      0x491 ./Acelerometro/src/Acelerometro.o
 .debug_line    0x000030b4      0x444 D:\Facultad\Digitales II\Repositorio MCU\lpc_chip_175x_6x\Debug\liblpc_chip_175x_6x.a(chip_17xx_40xx.o)
 .debug_line    0x000034f8      0x6c0 D:\Facultad\Digitales II\Repositorio MCU\lpc_chip_175x_6x\Debug\liblpc_chip_175x_6x.a(clock_17xx_40xx.o)
 .debug_line    0x00003bb8      0x716 D:\Facultad\Digitales II\Repositorio MCU\lpc_chip_175x_6x\Debug\liblpc_chip_175x_6x.a(i2c_17xx_40xx.o)
 .debug_line    0x000042ce      0x430 D:\Facultad\Digitales II\Repositorio MCU\lpc_chip_175x_6x\Debug\liblpc_chip_175x_6x.a(iocon_17xx_40xx.o)
 .debug_line    0x000046fe      0x4ba D:\Facultad\Digitales II\Repositorio MCU\lpc_chip_175x_6x\Debug\liblpc_chip_175x_6x.a(sysinit_17xx_40xx.o)

.debug_str      0x00000000    0x196f2
 .debug_str     0x00000000    0x13aaf ./freeRTOS/src/FreeRTOSCommonHooks.o
                              0x13bae (size before relaxing)
 .debug_str     0x00013aaf      0x103 ./freeRTOS/src/heap_3.o
                               0x72a8 (size before relaxing)
 .debug_str     0x00013bb2      0x139 ./freeRTOS/src/list.o
                               0x6db8 (size before relaxing)
 .debug_str     0x00013ceb      0x75a ./freeRTOS/src/port.o
                               0x798b (size before relaxing)
 .debug_str     0x00014445      0xf75 ./freeRTOS/src/queue.o
                               0x8334 (size before relaxing)
 .debug_str     0x000153ba     0x1b51 ./freeRTOS/src/tasks.o
                               0x9092 (size before relaxing)
 .debug_str     0x00016f0b     0x1493 ./Example/src/FRTOS.o
                              0x15797 (size before relaxing)
 .debug_str     0x0001839e      0x1b3 ./Example/src/cr_startup_lpc175x_6x.o
                               0x277c (size before relaxing)
 .debug_str     0x00018551       0x23 ./Example/src/sysinit.o
                              0x1079e (size before relaxing)
 .debug_str     0x00018574       0x55 ./Acelerometro/src/Acelerometro.o
                              0x10846 (size before relaxing)
 .debug_str     0x000185c9      0x26c D:\Facultad\Digitales II\Repositorio MCU\lpc_chip_175x_6x\Debug\liblpc_chip_175x_6x.a(chip_17xx_40xx.o)
                              0x10b90 (size before relaxing)
 .debug_str     0x00018835      0x857 D:\Facultad\Digitales II\Repositorio MCU\lpc_chip_175x_6x\Debug\liblpc_chip_175x_6x.a(clock_17xx_40xx.o)
                              0x1120e (size before relaxing)
 .debug_str     0x0001908c      0x505 D:\Facultad\Digitales II\Repositorio MCU\lpc_chip_175x_6x\Debug\liblpc_chip_175x_6x.a(i2c_17xx_40xx.o)
                              0x1121e (size before relaxing)
 .debug_str     0x00019591       0x9d D:\Facultad\Digitales II\Repositorio MCU\lpc_chip_175x_6x\Debug\liblpc_chip_175x_6x.a(iocon_17xx_40xx.o)
                              0x1068b (size before relaxing)
 .debug_str     0x0001962e       0xc4 D:\Facultad\Digitales II\Repositorio MCU\lpc_chip_175x_6x\Debug\liblpc_chip_175x_6x.a(sysinit_17xx_40xx.o)
                              0x10873 (size before relaxing)

.comment        0x00000000       0x7f
 .comment       0x00000000       0x7f ./freeRTOS/src/FreeRTOSCommonHooks.o
                                 0x80 (size before relaxing)
 .comment       0x0000007f       0x80 ./freeRTOS/src/heap_3.o
 .comment       0x0000007f       0x80 ./freeRTOS/src/list.o
 .comment       0x0000007f       0x80 ./freeRTOS/src/port.o
 .comment       0x0000007f       0x80 ./freeRTOS/src/queue.o
 .comment       0x0000007f       0x80 ./freeRTOS/src/tasks.o
 .comment       0x0000007f       0x80 ./Example/src/FRTOS.o
 .comment       0x0000007f       0x80 ./Example/src/cr_startup_lpc175x_6x.o
 .comment       0x0000007f       0x80 ./Example/src/sysinit.o
 .comment       0x0000007f       0x80 ./Acelerometro/src/Acelerometro.o
 .comment       0x0000007f       0x80 D:\Facultad\Digitales II\Repositorio MCU\lpc_chip_175x_6x\Debug\liblpc_chip_175x_6x.a(chip_17xx_40xx.o)
 .comment       0x0000007f       0x80 D:\Facultad\Digitales II\Repositorio MCU\lpc_chip_175x_6x\Debug\liblpc_chip_175x_6x.a(clock_17xx_40xx.o)
 .comment       0x0000007f       0x80 D:\Facultad\Digitales II\Repositorio MCU\lpc_chip_175x_6x\Debug\liblpc_chip_175x_6x.a(i2c_17xx_40xx.o)
 .comment       0x0000007f       0x80 D:\Facultad\Digitales II\Repositorio MCU\lpc_chip_175x_6x\Debug\liblpc_chip_175x_6x.a(iocon_17xx_40xx.o)
 .comment       0x0000007f       0x80 D:\Facultad\Digitales II\Repositorio MCU\lpc_chip_175x_6x\Debug\liblpc_chip_175x_6x.a(sysinit_17xx_40xx.o)
 .comment       0x0000007f       0x80 c:/nxp/mcuxpressoide_10.1.1_606/ide/tools/bin/../lib/gcc/arm-none-eabi/6.3.1/../../../../arm-none-eabi/lib/thumb/v7-m\libcr_semihost.a(_cr__main.o)
 .comment       0x0000007f       0x80 c:/nxp/mcuxpressoide_10.1.1_606/ide/tools/bin/../lib/gcc/arm-none-eabi/6.3.1/../../../../arm-none-eabi/lib/thumb/v7-m\libcr_c.a(memcpy.o)
 .comment       0x0000007f       0x80 c:/nxp/mcuxpressoide_10.1.1_606/ide/tools/bin/../lib/gcc/arm-none-eabi/6.3.1/../../../../arm-none-eabi/lib/thumb/v7-m\libcr_c.a(memset.o)
 .comment       0x0000007f       0x80 c:/nxp/mcuxpressoide_10.1.1_606/ide/tools/bin/../lib/gcc/arm-none-eabi/6.3.1/../../../../arm-none-eabi/lib/thumb/v7-m\libcr_c.a(alloc.o)
 .comment       0x0000007f       0x80 c:/nxp/mcuxpressoide_10.1.1_606/ide/tools/bin/../lib/gcc/arm-none-eabi/6.3.1/../../../../arm-none-eabi/lib/thumb/v7-m\libcr_c.a(fpprintf.o)
 .comment       0x0000007f       0x80 c:/nxp/mcuxpressoide_10.1.1_606/ide/tools/bin/../lib/gcc/arm-none-eabi/6.3.1/../../../../arm-none-eabi/lib/thumb/v7-m\libcr_c.a(initio.o)
 .comment       0x0000007f       0x80 c:/nxp/mcuxpressoide_10.1.1_606/ide/tools/bin/../lib/gcc/arm-none-eabi/6.3.1/../../../../arm-none-eabi/lib/thumb/v7-m\libcr_c.a(printf.o)
 .comment       0x0000007f       0x80 c:/nxp/mcuxpressoide_10.1.1_606/ide/tools/bin/../lib/gcc/arm-none-eabi/6.3.1/../../../../arm-none-eabi/lib/thumb/v7-m\libcr_c.a(setvbuf.o)
 .comment       0x0000007f       0x80 c:/nxp/mcuxpressoide_10.1.1_606/ide/tools/bin/../lib/gcc/arm-none-eabi/6.3.1/../../../../arm-none-eabi/lib/thumb/v7-m\libcr_c.a(strlen.o)
 .comment       0x0000007f       0x80 c:/nxp/mcuxpressoide_10.1.1_606/ide/tools/bin/../lib/gcc/arm-none-eabi/6.3.1/../../../../arm-none-eabi/lib/thumb/v7-m\libcr_c.a(__init_alloc.o)
 .comment       0x0000007f       0x80 c:/nxp/mcuxpressoide_10.1.1_606/ide/tools/bin/../lib/gcc/arm-none-eabi/6.3.1/../../../../arm-none-eabi/lib/thumb/v7-m\libcr_c.a(_cr_sbrk.o)
 .comment       0x0000007f       0x80 c:/nxp/mcuxpressoide_10.1.1_606/ide/tools/bin/../lib/gcc/arm-none-eabi/6.3.1/../../../../arm-none-eabi/lib/thumb/v7-m\libcr_c.a(_deferredlazyseek.o)
 .comment       0x0000007f       0x80 c:/nxp/mcuxpressoide_10.1.1_606/ide/tools/bin/../lib/gcc/arm-none-eabi/6.3.1/../../../../arm-none-eabi/lib/thumb/v7-m\libcr_c.a(_fdopen.o)
 .comment       0x0000007f       0x80 c:/nxp/mcuxpressoide_10.1.1_606/ide/tools/bin/../lib/gcc/arm-none-eabi/6.3.1/../../../../arm-none-eabi/lib/thumb/v7-m\libcr_c.a(_fflush.o)
 .comment       0x0000007f       0x80 c:/nxp/mcuxpressoide_10.1.1_606/ide/tools/bin/../lib/gcc/arm-none-eabi/6.3.1/../../../../arm-none-eabi/lib/thumb/v7-m\libcr_c.a(_frexpl.o)
 .comment       0x0000007f       0x80 c:/nxp/mcuxpressoide_10.1.1_606/ide/tools/bin/../lib/gcc/arm-none-eabi/6.3.1/../../../../arm-none-eabi/lib/thumb/v7-m\libcr_c.a(_ldexpl.o)
 .comment       0x0000007f       0x80 c:/nxp/mcuxpressoide_10.1.1_606/ide/tools/bin/../lib/gcc/arm-none-eabi/6.3.1/../../../../arm-none-eabi/lib/thumb/v7-m\libcr_c.a(_writebuf.o)
 .comment       0x0000007f       0x80 c:/nxp/mcuxpressoide_10.1.1_606/ide/tools/bin/../lib/gcc/arm-none-eabi/6.3.1/../../../../arm-none-eabi/lib/thumb/v7-m\libcr_c.a(errno.o)
 .comment       0x0000007f       0x80 c:/nxp/mcuxpressoide_10.1.1_606/ide/tools/bin/../lib/gcc/arm-none-eabi/6.3.1/../../../../arm-none-eabi/lib/thumb/v7-m\libcr_c.a(fclose.o)
 .comment       0x0000007f       0x80 c:/nxp/mcuxpressoide_10.1.1_606/ide/tools/bin/../lib/gcc/arm-none-eabi/6.3.1/../../../../arm-none-eabi/lib/thumb/v7-m\libcr_c.a(fflush.o)
 .comment       0x0000007f       0x80 c:/nxp/mcuxpressoide_10.1.1_606/ide/tools/bin/../lib/gcc/arm-none-eabi/6.3.1/../../../../arm-none-eabi/lib/thumb/v7-m\libcr_c.a(fseek.o)
 .comment       0x0000007f       0x80 c:/nxp/mcuxpressoide_10.1.1_606/ide/tools/bin/../lib/gcc/arm-none-eabi/6.3.1/../../../../arm-none-eabi/lib/thumb/v7-m\libcr_c.a(ftell.o)
 .comment       0x0000007f       0x80 c:/nxp/mcuxpressoide_10.1.1_606/ide/tools/bin/../lib/gcc/arm-none-eabi/6.3.1/../../../../arm-none-eabi/lib/thumb/v7-m\libcr_c.a(remove.o)
 .comment       0x0000007f       0x80 c:/nxp/mcuxpressoide_10.1.1_606/ide/tools/bin/../lib/gcc/arm-none-eabi/6.3.1/../../../../arm-none-eabi/lib/thumb/v7-m\libcr_c.a(_cr_check_heap.o)
 .comment       0x0000007f       0x80 c:/nxp/mcuxpressoide_10.1.1_606/ide/tools/bin/../lib/gcc/arm-none-eabi/6.3.1/../../../../arm-none-eabi/lib/thumb/v7-m\libcr_c.a(_do_fflush.o)
 .comment       0x0000007f       0x80 c:/nxp/mcuxpressoide_10.1.1_606/ide/tools/bin/../lib/gcc/arm-none-eabi/6.3.1/../../../../arm-none-eabi/lib/thumb/v7-m\libcr_c.a(_hugeval.o)
 .comment       0x0000007f       0x80 c:/nxp/mcuxpressoide_10.1.1_606/ide/tools/bin/../lib/gcc/arm-none-eabi/6.3.1/thumb/v7-m\libcr_eabihelpers.a(double.o)
 .comment       0x0000007f       0x80 c:/nxp/mcuxpressoide_10.1.1_606/ide/tools/bin/../lib/gcc/arm-none-eabi/6.3.1/../../../../arm-none-eabi/lib/thumb/v7-m\libcr_semihost.a(__ciob.o)

.ARM.attributes
                0x00000000       0x31
 .ARM.attributes
                0x00000000       0x33 ./freeRTOS/src/FreeRTOSCommonHooks.o
 .ARM.attributes
                0x00000033       0x33 ./freeRTOS/src/heap_3.o
 .ARM.attributes
                0x00000066       0x33 ./freeRTOS/src/list.o
 .ARM.attributes
                0x00000099       0x33 ./freeRTOS/src/port.o
 .ARM.attributes
                0x000000cc       0x33 ./freeRTOS/src/queue.o
 .ARM.attributes
                0x000000ff       0x33 ./freeRTOS/src/tasks.o
 .ARM.attributes
                0x00000132       0x33 ./Example/src/FRTOS.o
 .ARM.attributes
                0x00000165       0x33 ./Example/src/cr_startup_lpc175x_6x.o
 .ARM.attributes
                0x00000198       0x33 ./Example/src/sysinit.o
 .ARM.attributes
                0x000001cb       0x33 ./Acelerometro/src/Acelerometro.o
 .ARM.attributes
                0x000001fe       0x33 D:\Facultad\Digitales II\Repositorio MCU\lpc_chip_175x_6x\Debug\liblpc_chip_175x_6x.a(chip_17xx_40xx.o)
 .ARM.attributes
                0x00000231       0x33 D:\Facultad\Digitales II\Repositorio MCU\lpc_chip_175x_6x\Debug\liblpc_chip_175x_6x.a(clock_17xx_40xx.o)
 .ARM.attributes
                0x00000264       0x33 D:\Facultad\Digitales II\Repositorio MCU\lpc_chip_175x_6x\Debug\liblpc_chip_175x_6x.a(i2c_17xx_40xx.o)
 .ARM.attributes
                0x00000297       0x33 D:\Facultad\Digitales II\Repositorio MCU\lpc_chip_175x_6x\Debug\liblpc_chip_175x_6x.a(iocon_17xx_40xx.o)
 .ARM.attributes
                0x000002ca       0x33 D:\Facultad\Digitales II\Repositorio MCU\lpc_chip_175x_6x\Debug\liblpc_chip_175x_6x.a(sysinit_17xx_40xx.o)
 .ARM.attributes
                0x000002fd       0x33 c:/nxp/mcuxpressoide_10.1.1_606/ide/tools/bin/../lib/gcc/arm-none-eabi/6.3.1/../../../../arm-none-eabi/lib/thumb/v7-m\libcr_semihost.a(_cr__main.o)
 .ARM.attributes
                0x00000330       0x33 c:/nxp/mcuxpressoide_10.1.1_606/ide/tools/bin/../lib/gcc/arm-none-eabi/6.3.1/../../../../arm-none-eabi/lib/thumb/v7-m\libcr_c.a(memcpy.o)
 .ARM.attributes
                0x00000363       0x33 c:/nxp/mcuxpressoide_10.1.1_606/ide/tools/bin/../lib/gcc/arm-none-eabi/6.3.1/../../../../arm-none-eabi/lib/thumb/v7-m\libcr_c.a(memset.o)
 .ARM.attributes
                0x00000396       0x33 c:/nxp/mcuxpressoide_10.1.1_606/ide/tools/bin/../lib/gcc/arm-none-eabi/6.3.1/../../../../arm-none-eabi/lib/thumb/v7-m\libcr_c.a(alloc.o)
 .ARM.attributes
                0x000003c9       0x33 c:/nxp/mcuxpressoide_10.1.1_606/ide/tools/bin/../lib/gcc/arm-none-eabi/6.3.1/../../../../arm-none-eabi/lib/thumb/v7-m\libcr_c.a(fpprintf.o)
 .ARM.attributes
                0x000003fc       0x33 c:/nxp/mcuxpressoide_10.1.1_606/ide/tools/bin/../lib/gcc/arm-none-eabi/6.3.1/../../../../arm-none-eabi/lib/thumb/v7-m\libcr_c.a(initio.o)
 .ARM.attributes
                0x0000042f       0x33 c:/nxp/mcuxpressoide_10.1.1_606/ide/tools/bin/../lib/gcc/arm-none-eabi/6.3.1/../../../../arm-none-eabi/lib/thumb/v7-m\libcr_c.a(printf.o)
 .ARM.attributes
                0x00000462       0x33 c:/nxp/mcuxpressoide_10.1.1_606/ide/tools/bin/../lib/gcc/arm-none-eabi/6.3.1/../../../../arm-none-eabi/lib/thumb/v7-m\libcr_c.a(setvbuf.o)
 .ARM.attributes
                0x00000495       0x33 c:/nxp/mcuxpressoide_10.1.1_606/ide/tools/bin/../lib/gcc/arm-none-eabi/6.3.1/../../../../arm-none-eabi/lib/thumb/v7-m\libcr_c.a(strlen.o)
 .ARM.attributes
                0x000004c8       0x33 c:/nxp/mcuxpressoide_10.1.1_606/ide/tools/bin/../lib/gcc/arm-none-eabi/6.3.1/../../../../arm-none-eabi/lib/thumb/v7-m\libcr_c.a(__init_alloc.o)
 .ARM.attributes
                0x000004fb       0x33 c:/nxp/mcuxpressoide_10.1.1_606/ide/tools/bin/../lib/gcc/arm-none-eabi/6.3.1/../../../../arm-none-eabi/lib/thumb/v7-m\libcr_c.a(_cr_sbrk.o)
 .ARM.attributes
                0x0000052e       0x33 c:/nxp/mcuxpressoide_10.1.1_606/ide/tools/bin/../lib/gcc/arm-none-eabi/6.3.1/../../../../arm-none-eabi/lib/thumb/v7-m\libcr_c.a(_deferredlazyseek.o)
 .ARM.attributes
                0x00000561       0x33 c:/nxp/mcuxpressoide_10.1.1_606/ide/tools/bin/../lib/gcc/arm-none-eabi/6.3.1/../../../../arm-none-eabi/lib/thumb/v7-m\libcr_c.a(_fdopen.o)
 .ARM.attributes
                0x00000594       0x33 c:/nxp/mcuxpressoide_10.1.1_606/ide/tools/bin/../lib/gcc/arm-none-eabi/6.3.1/../../../../arm-none-eabi/lib/thumb/v7-m\libcr_c.a(_fflush.o)
 .ARM.attributes
                0x000005c7       0x33 c:/nxp/mcuxpressoide_10.1.1_606/ide/tools/bin/../lib/gcc/arm-none-eabi/6.3.1/../../../../arm-none-eabi/lib/thumb/v7-m\libcr_c.a(_frexpl.o)
 .ARM.attributes
                0x000005fa       0x33 c:/nxp/mcuxpressoide_10.1.1_606/ide/tools/bin/../lib/gcc/arm-none-eabi/6.3.1/../../../../arm-none-eabi/lib/thumb/v7-m\libcr_c.a(_ldexpl.o)
 .ARM.attributes
                0x0000062d       0x33 c:/nxp/mcuxpressoide_10.1.1_606/ide/tools/bin/../lib/gcc/arm-none-eabi/6.3.1/../../../../arm-none-eabi/lib/thumb/v7-m\libcr_c.a(_writebuf.o)
 .ARM.attributes
                0x00000660       0x33 c:/nxp/mcuxpressoide_10.1.1_606/ide/tools/bin/../lib/gcc/arm-none-eabi/6.3.1/../../../../arm-none-eabi/lib/thumb/v7-m\libcr_c.a(errno.o)
 .ARM.attributes
                0x00000693       0x33 c:/nxp/mcuxpressoide_10.1.1_606/ide/tools/bin/../lib/gcc/arm-none-eabi/6.3.1/../../../../arm-none-eabi/lib/thumb/v7-m\libcr_c.a(fclose.o)
 .ARM.attributes
                0x000006c6       0x33 c:/nxp/mcuxpressoide_10.1.1_606/ide/tools/bin/../lib/gcc/arm-none-eabi/6.3.1/../../../../arm-none-eabi/lib/thumb/v7-m\libcr_c.a(fflush.o)
 .ARM.attributes
                0x000006f9       0x33 c:/nxp/mcuxpressoide_10.1.1_606/ide/tools/bin/../lib/gcc/arm-none-eabi/6.3.1/../../../../arm-none-eabi/lib/thumb/v7-m\libcr_c.a(fseek.o)
 .ARM.attributes
                0x0000072c       0x33 c:/nxp/mcuxpressoide_10.1.1_606/ide/tools/bin/../lib/gcc/arm-none-eabi/6.3.1/../../../../arm-none-eabi/lib/thumb/v7-m\libcr_c.a(ftell.o)
 .ARM.attributes
                0x0000075f       0x33 c:/nxp/mcuxpressoide_10.1.1_606/ide/tools/bin/../lib/gcc/arm-none-eabi/6.3.1/../../../../arm-none-eabi/lib/thumb/v7-m\libcr_c.a(remove.o)
 .ARM.attributes
                0x00000792       0x33 c:/nxp/mcuxpressoide_10.1.1_606/ide/tools/bin/../lib/gcc/arm-none-eabi/6.3.1/../../../../arm-none-eabi/lib/thumb/v7-m\libcr_c.a(_cr_check_heap.o)
 .ARM.attributes
                0x000007c5       0x33 c:/nxp/mcuxpressoide_10.1.1_606/ide/tools/bin/../lib/gcc/arm-none-eabi/6.3.1/../../../../arm-none-eabi/lib/thumb/v7-m\libcr_c.a(_do_fflush.o)
 .ARM.attributes
                0x000007f8       0x33 c:/nxp/mcuxpressoide_10.1.1_606/ide/tools/bin/../lib/gcc/arm-none-eabi/6.3.1/../../../../arm-none-eabi/lib/thumb/v7-m\libcr_c.a(_hugeval.o)
 .ARM.attributes
                0x0000082b       0x33 c:/nxp/mcuxpressoide_10.1.1_606/ide/tools/bin/../lib/gcc/arm-none-eabi/6.3.1/thumb/v7-m\libcr_eabihelpers.a(double.o)
 .ARM.attributes
                0x0000085e       0x21 c:/nxp/mcuxpressoide_10.1.1_606/ide/tools/bin/../lib/gcc/arm-none-eabi/6.3.1/thumb/v7-m\libcr_eabihelpers.a(memcpy.o)
 .ARM.attributes
                0x0000087f       0x33 c:/nxp/mcuxpressoide_10.1.1_606/ide/tools/bin/../lib/gcc/arm-none-eabi/6.3.1/../../../../arm-none-eabi/lib/thumb/v7-m\libcr_semihost.a(__ciob.o)
 .ARM.attributes
                0x000008b2       0x21 c:/nxp/mcuxpressoide_10.1.1_606/ide/tools/bin/../lib/gcc/arm-none-eabi/6.3.1/../../../../arm-none-eabi/lib/thumb/v7-m\libcr_semihost.a(__sys_appexit.o)
 .ARM.attributes
                0x000008d3       0x21 c:/nxp/mcuxpressoide_10.1.1_606/ide/tools/bin/../lib/gcc/arm-none-eabi/6.3.1/../../../../arm-none-eabi/lib/thumb/v7-m\libcr_semihost.a(__sys_close.o)
 .ARM.attributes
                0x000008f4       0x21 c:/nxp/mcuxpressoide_10.1.1_606/ide/tools/bin/../lib/gcc/arm-none-eabi/6.3.1/../../../../arm-none-eabi/lib/thumb/v7-m\libcr_semihost.a(__sys_flen.o)
 .ARM.attributes
                0x00000915       0x21 c:/nxp/mcuxpressoide_10.1.1_606/ide/tools/bin/../lib/gcc/arm-none-eabi/6.3.1/../../../../arm-none-eabi/lib/thumb/v7-m\libcr_semihost.a(__sys_istty.o)
 .ARM.attributes
                0x00000936       0x21 c:/nxp/mcuxpressoide_10.1.1_606/ide/tools/bin/../lib/gcc/arm-none-eabi/6.3.1/../../../../arm-none-eabi/lib/thumb/v7-m\libcr_semihost.a(__sys_remove.o)
 .ARM.attributes
                0x00000957       0x21 c:/nxp/mcuxpressoide_10.1.1_606/ide/tools/bin/../lib/gcc/arm-none-eabi/6.3.1/../../../../arm-none-eabi/lib/thumb/v7-m\libcr_semihost.a(__sys_seek.o)
 .ARM.attributes
                0x00000978       0x21 c:/nxp/mcuxpressoide_10.1.1_606/ide/tools/bin/../lib/gcc/arm-none-eabi/6.3.1/../../../../arm-none-eabi/lib/thumb/v7-m\libcr_semihost.a(__sys_tmpnam.o)
 .ARM.attributes
                0x00000999       0x21 c:/nxp/mcuxpressoide_10.1.1_606/ide/tools/bin/../lib/gcc/arm-none-eabi/6.3.1/../../../../arm-none-eabi/lib/thumb/v7-m\libcr_semihost.a(__sys_write.o)

.debug_frame    0x00000000     0x1fd4
 .debug_frame   0x00000000       0xb4 ./freeRTOS/src/FreeRTOSCommonHooks.o
 .debug_frame   0x000000b4       0x58 ./freeRTOS/src/heap_3.o
 .debug_frame   0x0000010c       0xd8 ./freeRTOS/src/list.o
 .debug_frame   0x000001e4      0x178 ./freeRTOS/src/port.o
 .debug_frame   0x0000035c      0x498 ./freeRTOS/src/queue.o
 .debug_frame   0x000007f4      0x864 ./freeRTOS/src/tasks.o
 .debug_frame   0x00001058      0x1cc ./Example/src/FRTOS.o
 .debug_frame   0x00001224      0x170 ./Example/src/cr_startup_lpc175x_6x.o
 .debug_frame   0x00001394       0x34 ./Example/src/sysinit.o
 .debug_frame   0x000013c8       0x80 ./Acelerometro/src/Acelerometro.o
 .debug_frame   0x00001448       0x88 D:\Facultad\Digitales II\Repositorio MCU\lpc_chip_175x_6x\Debug\liblpc_chip_175x_6x.a(chip_17xx_40xx.o)
 .debug_frame   0x000014d0      0x490 D:\Facultad\Digitales II\Repositorio MCU\lpc_chip_175x_6x\Debug\liblpc_chip_175x_6x.a(clock_17xx_40xx.o)
 .debug_frame   0x00001960      0x4c8 D:\Facultad\Digitales II\Repositorio MCU\lpc_chip_175x_6x\Debug\liblpc_chip_175x_6x.a(i2c_17xx_40xx.o)
 .debug_frame   0x00001e28       0x80 D:\Facultad\Digitales II\Repositorio MCU\lpc_chip_175x_6x\Debug\liblpc_chip_175x_6x.a(iocon_17xx_40xx.o)
 .debug_frame   0x00001ea8      0x12c D:\Facultad\Digitales II\Repositorio MCU\lpc_chip_175x_6x\Debug\liblpc_chip_175x_6x.a(sysinit_17xx_40xx.o)
